Archive member included to satisfy reference by file (symbol)

c:/st/stm32cubeide_1.6.1/stm32cubeide/plugins/com.st.stm32cube.ide.mcu.externaltools.gnu-tools-for-stm32.9-2020-q2-update.win32_1.5.0.202011040924/tools/bin/../lib/gcc/arm-none-eabi/9.3.1/../../../../arm-none-eabi/lib/thumb/v7e-m+fp/hard\libc_nano.a(lib_a-errno.o)
                              Core/Src/syscalls.o (__errno)
c:/st/stm32cubeide_1.6.1/stm32cubeide/plugins/com.st.stm32cube.ide.mcu.externaltools.gnu-tools-for-stm32.9-2020-q2-update.win32_1.5.0.202011040924/tools/bin/../lib/gcc/arm-none-eabi/9.3.1/../../../../arm-none-eabi/lib/thumb/v7e-m+fp/hard\libc_nano.a(lib_a-exit.o)
                              c:/st/stm32cubeide_1.6.1/stm32cubeide/plugins/com.st.stm32cube.ide.mcu.externaltools.gnu-tools-for-stm32.9-2020-q2-update.win32_1.5.0.202011040924/tools/bin/../lib/gcc/arm-none-eabi/9.3.1/../../../../arm-none-eabi/lib/thumb/v7e-m+fp/hard/crt0.o (exit)
c:/st/stm32cubeide_1.6.1/stm32cubeide/plugins/com.st.stm32cube.ide.mcu.externaltools.gnu-tools-for-stm32.9-2020-q2-update.win32_1.5.0.202011040924/tools/bin/../lib/gcc/arm-none-eabi/9.3.1/../../../../arm-none-eabi/lib/thumb/v7e-m+fp/hard\libc_nano.a(lib_a-impure.o)
                              c:/st/stm32cubeide_1.6.1/stm32cubeide/plugins/com.st.stm32cube.ide.mcu.externaltools.gnu-tools-for-stm32.9-2020-q2-update.win32_1.5.0.202011040924/tools/bin/../lib/gcc/arm-none-eabi/9.3.1/../../../../arm-none-eabi/lib/thumb/v7e-m+fp/hard\libc_nano.a(lib_a-exit.o) (_global_impure_ptr)
c:/st/stm32cubeide_1.6.1/stm32cubeide/plugins/com.st.stm32cube.ide.mcu.externaltools.gnu-tools-for-stm32.9-2020-q2-update.win32_1.5.0.202011040924/tools/bin/../lib/gcc/arm-none-eabi/9.3.1/../../../../arm-none-eabi/lib/thumb/v7e-m+fp/hard\libc_nano.a(lib_a-init.o)
                              c:/st/stm32cubeide_1.6.1/stm32cubeide/plugins/com.st.stm32cube.ide.mcu.externaltools.gnu-tools-for-stm32.9-2020-q2-update.win32_1.5.0.202011040924/tools/bin/../lib/gcc/arm-none-eabi/9.3.1/../../../../arm-none-eabi/lib/thumb/v7e-m+fp/hard/crt0.o (__libc_init_array)
c:/st/stm32cubeide_1.6.1/stm32cubeide/plugins/com.st.stm32cube.ide.mcu.externaltools.gnu-tools-for-stm32.9-2020-q2-update.win32_1.5.0.202011040924/tools/bin/../lib/gcc/arm-none-eabi/9.3.1/../../../../arm-none-eabi/lib/thumb/v7e-m+fp/hard\libc_nano.a(lib_a-memset.o)
                              c:/st/stm32cubeide_1.6.1/stm32cubeide/plugins/com.st.stm32cube.ide.mcu.externaltools.gnu-tools-for-stm32.9-2020-q2-update.win32_1.5.0.202011040924/tools/bin/../lib/gcc/arm-none-eabi/9.3.1/../../../../arm-none-eabi/lib/thumb/v7e-m+fp/hard/crt0.o (memset)
c:/st/stm32cubeide_1.6.1/stm32cubeide/plugins/com.st.stm32cube.ide.mcu.externaltools.gnu-tools-for-stm32.9-2020-q2-update.win32_1.5.0.202011040924/tools/bin/../lib/gcc/arm-none-eabi/9.3.1/../../../../arm-none-eabi/lib/thumb/v7e-m+fp/hard\libc_nano.a(lib_a-snprintf.o)
                              Core/Src/Application.o (snprintf)
c:/st/stm32cubeide_1.6.1/stm32cubeide/plugins/com.st.stm32cube.ide.mcu.externaltools.gnu-tools-for-stm32.9-2020-q2-update.win32_1.5.0.202011040924/tools/bin/../lib/gcc/arm-none-eabi/9.3.1/../../../../arm-none-eabi/lib/thumb/v7e-m+fp/hard\libc_nano.a(lib_a-nano-svfprintf.o)
                              c:/st/stm32cubeide_1.6.1/stm32cubeide/plugins/com.st.stm32cube.ide.mcu.externaltools.gnu-tools-for-stm32.9-2020-q2-update.win32_1.5.0.202011040924/tools/bin/../lib/gcc/arm-none-eabi/9.3.1/../../../../arm-none-eabi/lib/thumb/v7e-m+fp/hard\libc_nano.a(lib_a-snprintf.o) (_svfprintf_r)
c:/st/stm32cubeide_1.6.1/stm32cubeide/plugins/com.st.stm32cube.ide.mcu.externaltools.gnu-tools-for-stm32.9-2020-q2-update.win32_1.5.0.202011040924/tools/bin/../lib/gcc/arm-none-eabi/9.3.1/../../../../arm-none-eabi/lib/thumb/v7e-m+fp/hard\libc_nano.a(lib_a-nano-vfprintf_i.o)
                              c:/st/stm32cubeide_1.6.1/stm32cubeide/plugins/com.st.stm32cube.ide.mcu.externaltools.gnu-tools-for-stm32.9-2020-q2-update.win32_1.5.0.202011040924/tools/bin/../lib/gcc/arm-none-eabi/9.3.1/../../../../arm-none-eabi/lib/thumb/v7e-m+fp/hard\libc_nano.a(lib_a-nano-svfprintf.o) (_printf_i)
c:/st/stm32cubeide_1.6.1/stm32cubeide/plugins/com.st.stm32cube.ide.mcu.externaltools.gnu-tools-for-stm32.9-2020-q2-update.win32_1.5.0.202011040924/tools/bin/../lib/gcc/arm-none-eabi/9.3.1/../../../../arm-none-eabi/lib/thumb/v7e-m+fp/hard\libc_nano.a(lib_a-memchr.o)
                              c:/st/stm32cubeide_1.6.1/stm32cubeide/plugins/com.st.stm32cube.ide.mcu.externaltools.gnu-tools-for-stm32.9-2020-q2-update.win32_1.5.0.202011040924/tools/bin/../lib/gcc/arm-none-eabi/9.3.1/../../../../arm-none-eabi/lib/thumb/v7e-m+fp/hard\libc_nano.a(lib_a-nano-svfprintf.o) (memchr)
[...]
Memory Configuration

Name             Origin             Length             Attributes
RAM              0x0000000020000000 0x0000000000010000 xrw
FLASH            0x0000000008000000 0x0000000000040000 xr
*default*        0x0000000000000000 0xffffffffffffffff

Linker script and memory map

LOAD c:/st/stm32cubeide_1.6.1/stm32cubeide/plugins/com.st.stm32cube.ide.mcu.externaltools.gnu-tools-for-stm32.9-2020-q2-update.win32_1.5.0.202011040924/tools/bin/../lib/gcc/arm-none-eabi/9.3.1/thumb/v7e-m+fp/hard/crti.o
LOAD c:/st/stm32cubeide_1.6.1/stm32cubeide/plugins/com.st.stm32cube.ide.mcu.externaltools.gnu-tools-for-stm32.9-2020-q2-update.win32_1.5.0.202011040924/tools/bin/../lib/gcc/arm-none-eabi/9.3.1/thumb/v7e-m+fp/hard/crtbegin.o
LOAD c:/st/stm32cubeide_1.6.1/stm32cubeide/plugins/com.st.stm32cube.ide.mcu.externaltools.gnu-tools-for-stm32.9-2020-q2-update.win32_1.5.0.202011040924/tools/bin/../lib/gcc/arm-none-eabi/9.3.1/../../../../arm-none-eabi/lib/thumb/v7e-m+fp/hard/crt0.o
LOAD Core/Src/Application.o
LOAD Core/Src/bmp280.o
LOAD Core/Src/gpio.o
LOAD Core/Src/i2c.o
LOAD Core/Src/main.o
LOAD Core/Src/sd_hal_mpu6050.o
LOAD Core/Src/spi.o
LOAD Core/Src/stm32l4xx_hal_msp.o
LOAD Core/Src/stm32l4xx_hal_timebase_tim.o
LOAD Core/Src/stm32l4xx_it.o
LOAD Core/Src/syscalls.o
LOAD Core/Src/sysmem.o
LOAD Core/Src/system_stm32l4xx.o
LOAD Core/Src/tim.o
LOAD Core/Src/usart.o
LOAD Core/Startup/startup_stm32l432kcux.o
LOAD Drivers/STM32L4xx_HAL_Driver/Src/stm32l4xx_hal.o
LOAD Drivers/STM32L4xx_HAL_Driver/Src/stm32l4xx_hal_cortex.o
LOAD Drivers/STM32L4xx_HAL_Driver/Src/stm32l4xx_hal_dma.o
LOAD Drivers/STM32L4xx_HAL_Driver/Src/stm32l4xx_hal_dma_ex.o
LOAD Drivers/STM32L4xx_HAL_Driver/Src/stm32l4xx_hal_exti.o
LOAD Drivers/STM32L4xx_HAL_Driver/Src/stm32l4xx_hal_flash.o
LOAD Drivers/STM32L4xx_HAL_Driver/Src/stm32l4xx_hal_flash_ex.o
LOAD Drivers/STM32L4xx_HAL_Driver/Src/stm32l4xx_hal_flash_ramfunc.o
LOAD Drivers/STM32L4xx_HAL_Driver/Src/stm32l4xx_hal_gpio.o
LOAD Drivers/STM32L4xx_HAL_Driver/Src/stm32l4xx_hal_i2c.o
LOAD Drivers/STM32L4xx_HAL_Driver/Src/stm32l4xx_hal_i2c_ex.o
LOAD Drivers/STM32L4xx_HAL_Driver/Src/stm32l4xx_hal_pwr.o
LOAD Drivers/STM32L4xx_HAL_Driver/Src/stm32l4xx_hal_pwr_ex.o
LOAD Drivers/STM32L4xx_HAL_Driver/Src/stm32l4xx_hal_rcc.o
LOAD Drivers/STM32L4xx_HAL_Driver/Src/stm32l4xx_hal_rcc_ex.o
LOAD Drivers/STM32L4xx_HAL_Driver/Src/stm32l4xx_hal_spi.o
LOAD Drivers/STM32L4xx_HAL_Driver/Src/stm32l4xx_hal_spi_ex.o
LOAD Drivers/STM32L4xx_HAL_Driver/Src/stm32l4xx_hal_tim.o
LOAD Drivers/STM32L4xx_HAL_Driver/Src/stm32l4xx_hal_tim_ex.o
LOAD Drivers/STM32L4xx_HAL_Driver/Src/stm32l4xx_hal_uart.o
LOAD Drivers/STM32L4xx_HAL_Driver/Src/stm32l4xx_hal_uart_ex.o
LOAD FATFS/App/fatfs.o
LOAD FATFS/Target/user_diskio.o
LOAD FATFS/Target/user_diskio_spi.o
LOAD Middlewares/Third_Party/FatFs/src/diskio.o
LOAD Middlewares/Third_Party/FatFs/src/ff.o
LOAD Middlewares/Third_Party/FatFs/src/ff_gen_drv.o
LOAD Middlewares/Third_Party/FatFs/src/option/syscall.o
START GROUP
LOAD c:/st/stm32cubeide_1.6.1/stm32cubeide/plugins/com.st.stm32cube.ide.mcu.externaltools.gnu-tools-for-stm32.9-2020-q2-update.win32_1.5.0.202011040924/tools/bin/../lib/gcc/arm-none-eabi/9.3.1/../../../../arm-none-eabi/lib/thumb/v7e-m+fp/hard\libc_nano.a
LOAD c:/st/stm32cubeide_1.6.1/stm32cubeide/plugins/com.st.stm32cube.ide.mcu.externaltools.gnu-tools-for-stm32.9-2020-q2-update.win32_1.5.0.202011040924/tools/bin/../lib/gcc/arm-none-eabi/9.3.1/../../../../arm-none-eabi/lib/thumb/v7e-m+fp/hard\libm.a
END GROUP
START GROUP
LOAD c:/st/stm32cubeide_1.6.1/stm32cubeide/plugins/com.st.stm32cube.ide.mcu.externaltools.gnu-tools-for-stm32.9-2020-q2-update.win32_1.5.0.202011040924/tools/bin/../lib/gcc/arm-none-eabi/9.3.1/thumb/v7e-m+fp/hard\libgcc.a
LOAD c:/st/stm32cubeide_1.6.1/stm32cubeide/plugins/com.st.stm32cube.ide.mcu.externaltools.gnu-tools-for-stm32.9-2020-q2-update.win32_1.5.0.202011040924/tools/bin/../lib/gcc/arm-none-eabi/9.3.1/../../../../arm-none-eabi/lib/thumb/v7e-m+fp/hard\libc_nano.a
END GROUP
START GROUP
LOAD c:/st/stm32cubeide_1.6.1/stm32cubeide/plugins/com.st.stm32cube.ide.mcu.externaltools.gnu-tools-for-stm32.9-2020-q2-update.win32_1.5.0.202011040924/tools/bin/../lib/gcc/arm-none-eabi/9.3.1/thumb/v7e-m+fp/hard\libgcc.a
LOAD c:/st/stm32cubeide_1.6.1/stm32cubeide/plugins/com.st.stm32cube.ide.mcu.externaltools.gnu-tools-for-stm32.9-2020-q2-update.win32_1.5.0.202011040924/tools/bin/../lib/gcc/arm-none-eabi/9.3.1/../../../../arm-none-eabi/lib/thumb/v7e-m+fp/hard\libc_nano.a
LOAD c:/st/stm32cubeide_1.6.1/stm32cubeide/plugins/com.st.stm32cube.ide.mcu.externaltools.gnu-tools-for-stm32.9-2020-q2-update.win32_1.5.0.202011040924/tools/bin/../lib/gcc/arm-none-eabi/9.3.1/../../../../arm-none-eabi/lib/thumb/v7e-m+fp/hard\libnosys.a
END GROUP
START GROUP
LOAD c:/st/stm32cubeide_1.6.1/stm32cubeide/plugins/com.st.stm32cube.ide.mcu.externaltools.gnu-tools-for-stm32.9-2020-q2-update.win32_1.5.0.202011040924/tools/bin/../lib/gcc/arm-none-eabi/9.3.1/thumb/v7e-m+fp/hard\libgcc.a
LOAD c:/st/stm32cubeide_1.6.1/stm32cubeide/plugins/com.st.stm32cube.ide.mcu.externaltools.gnu-tools-for-stm32.9-2020-q2-update.win32_1.5.0.202011040924/tools/bin/../lib/gcc/arm-none-eabi/9.3.1/../../../../arm-none-eabi/lib/thumb/v7e-m+fp/hard\libc_nano.a
LOAD c:/st/stm32cubeide_1.6.1/stm32cubeide/plugins/com.st.stm32cube.ide.mcu.externaltools.gnu-tools-for-stm32.9-2020-q2-update.win32_1.5.0.202011040924/tools/bin/../lib/gcc/arm-none-eabi/9.3.1/../../../../arm-none-eabi/lib/thumb/v7e-m+fp/hard\libnosys.a
END GROUP
LOAD c:/st/stm32cubeide_1.6.1/stm32cubeide/plugins/com.st.stm32cube.ide.mcu.externaltools.gnu-tools-for-stm32.9-2020-q2-update.win32_1.5.0.202011040924/tools/bin/../lib/gcc/arm-none-eabi/9.3.1/thumb/v7e-m+fp/hard/crtend.o
LOAD c:/st/stm32cubeide_1.6.1/stm32cubeide/plugins/com.st.stm32cube.ide.mcu.externaltools.gnu-tools-for-stm32.9-2020-q2-update.win32_1.5.0.202011040924/tools/bin/../lib/gcc/arm-none-eabi/9.3.1/thumb/v7e-m+fp/hard/crtn.o
                0x0000000020010000                _estack = (ORIGIN (RAM) + LENGTH (RAM))
                0x0000000000000200                _Min_Heap_Size = 0x200
                0x0000000000000400                _Min_Stack_Size = 0x400

.isr_vector     0x0000000008000000      0x18c
                0x0000000008000000                . = ALIGN (0x4)
 *(.isr_vector)
 .isr_vector    0x0000000008000000      0x18c Core/Startup/startup_stm32l432kcux.o
                0x0000000008000000                g_pfnVectors
                0x000000000800018c                . = ALIGN (0x4)

.text           0x0000000008000190     0x5ef4
                0x0000000008000190                . = ALIGN (0x4)
 *(.text)
 .text          0x0000000008000190       0x40 c:/st/stm32cubeide_1.6.1/stm32cubeide/plugins/com.st.stm32cube.ide.mcu.externaltools.gnu-tools-for-stm32.9-2020-q2-update.win32_1.5.0.202011040924/tools/bin/../lib/gcc/arm-none-eabi/9.3.1/thumb/v7e-m+fp/hard/crtbegin.o
 .text          0x00000000080001d0       0xa0 c:/st/stm32cubeide_1.6.1/stm32cubeide/plugins/com.st.stm32cube.ide.mcu.externaltools.gnu-tools-for-stm32.9-2020-q2-update.win32_1.5.0.202011040924/tools/bin/../lib/gcc/arm-none-eabi/9.3.1/../../../../arm-none-eabi/lib/thumb/v7e-m+fp/hard\libc_nano.a(lib_a-memchr.o)
                0x00000000080001d0                memchr
 .text          0x0000000008000270       0xa0 c:/st/stm32cubeide_1.6.1/stm32cubeide/plugins/com.st.stm32cube.ide.mcu.externaltools.gnu-tools-for-stm32.9-2020-q2-update.win32_1.5.0.202011040924/tools/bin/../lib/gcc/arm-none-eabi/9.3.1/thumb/v7e-m+fp/hard\libgcc.a(_aeabi_ldivmod.o)
                0x0000000008000270                __aeabi_ldivmod
 .text          0x0000000008000310       0x30 c:/st/stm32cubeide_1.6.1/stm32cubeide/plugins/com.st.stm32cube.ide.mcu.externaltools.gnu-tools-for-stm32.9-2020-q2-update.win32_1.5.0.202011040924/tools/bin/../lib/gcc/arm-none-eabi/9.3.1/thumb/v7e-m+fp/hard\libgcc.a(_aeabi_uldivmod.o)
                0x0000000008000310                __aeabi_uldivmod
 .text          0x0000000008000340      0x2c4 c:/st/stm32cubeide_1.6.1/stm32cubeide/plugins/com.st.stm32cube.ide.mcu.externaltools.gnu-tools-for-stm32.9-2020-q2-update.win32_1.5.0.202011040924/tools/bin/../lib/gcc/arm-none-eabi/9.3.1/thumb/v7e-m+fp/hard\libgcc.a(_udivmoddi4.o)
                0x0000000008000340                __udivmoddi4
 .text          0x0000000008000604        0x4 c:/st/stm32cubeide_1.6.1/stm32cubeide/plugins/com.st.stm32cube.ide.mcu.externaltools.gnu-tools-for-stm32.9-2020-q2-update.win32_1.5.0.202011040924/tools/bin/../lib/gcc/arm-none-eabi/9.3.1/thumb/v7e-m+fp/hard\libgcc.a(_dvmd_tls.o)
                0x0000000008000604                __aeabi_idiv0
                0x0000000008000604                __aeabi_ldiv0
 *(.text*)
 .text.unmountSD
                0x0000000008000608       0x18 Core/Src/Application.o
                0x0000000008000608                unmountSD
 .text.ApplicationInit
                0x0000000008000620      0x108 Core/Src/Application.o
                0x0000000008000620                ApplicationInit
 .text.ApplicationTask
                0x0000000008000728      0x17c Core/Src/Application.o
                0x0000000008000728                ApplicationTask
 .text.read_data
                0x00000000080008a4       0x2a Core/Src/bmp280.o
 .text.read_register16
                0x00000000080008ce       0x40 Core/Src/bmp280.o
 .text.write_register8
                0x000000000800090e       0x32 Core/Src/bmp280.o
 .text.bmp280_init_default_params
                0x0000000008000940       0x12 Core/Src/bmp280.o
                0x0000000008000940                bmp280_init_default_params
 .text.bmp280_init
                0x0000000008000952      0x204 Core/Src/bmp280.o
                0x0000000008000952                bmp280_init
 .text.bmp280_read_fixed
                0x0000000008000b56      0x282 Core/Src/bmp280.o
                0x0000000008000b56                bmp280_read_fixed
 .text.MX_GPIO_Init
                0x0000000008000dd8       0x94 Core/Src/gpio.o
                0x0000000008000dd8                MX_GPIO_Init
 .text.MX_I2C1_Init
                0x0000000008000e6c       0x58 Core/Src/i2c.o
                0x0000000008000e6c                MX_I2C1_Init
 .text.MX_I2C3_Init
                0x0000000008000ec4       0x58 Core/Src/i2c.o
                0x0000000008000ec4                MX_I2C3_Init
 .text.HAL_I2C_MspInit
                0x0000000008000f1c       0xec Core/Src/i2c.o
                0x0000000008000f1c                HAL_I2C_MspInit
 .text.SystemClock_Config
                0x0000000008001008       0xb8 Core/Src/main.o
                0x0000000008001008                SystemClock_Config
 .text.startup.main
                0x00000000080010c0       0x30 Core/Src/main.o
                0x00000000080010c0                main
 .text.HAL_TIM_PeriodElapsedCallback
                0x00000000080010f0       0x30 Core/Src/main.o
                0x00000000080010f0                HAL_TIM_PeriodElapsedCallback
 .text.Error_Handler
                0x0000000008001120        0x4 Core/Src/main.o
                0x0000000008001120                Error_Handler
 .text.SD_MPU6050_SetDataRate
                0x0000000008001124       0x2a Core/Src/sd_hal_mpu6050.o
                0x0000000008001124                SD_MPU6050_SetDataRate
 .text.SD_MPU6050_SetAccelerometer
                0x000000000800114e       0x9c Core/Src/sd_hal_mpu6050.o
                0x000000000800114e                SD_MPU6050_SetAccelerometer
 *fill*         0x00000000080011ea        0x2 
 .text.SD_MPU6050_SetGyroscope
                0x00000000080011ec       0xa4 Core/Src/sd_hal_mpu6050.o
                0x00000000080011ec                SD_MPU6050_SetGyroscope
 .text.SD_MPU6050_Init
                0x0000000008001290       0xa2 Core/Src/sd_hal_mpu6050.o
                0x0000000008001290                SD_MPU6050_Init
 *fill*         0x0000000008001332        0x2 
 .text.SD_MPU6050_ReadAll
                0x0000000008001334       0xc8 Core/Src/sd_hal_mpu6050.o
                0x0000000008001334                SD_MPU6050_ReadAll
 .text.MX_SPI1_Init
                0x00000000080013fc       0x50 Core/Src/spi.o
                0x00000000080013fc                MX_SPI1_Init
 .text.HAL_SPI_MspInit
                0x000000000800144c       0x90 Core/Src/spi.o
                0x000000000800144c                HAL_SPI_MspInit
 .text.HAL_MspInit
                0x00000000080014dc       0x30 Core/Src/stm32l4xx_hal_msp.o
                0x00000000080014dc                HAL_MspInit
 .text.HAL_InitTick
                0x000000000800150c       0x78 Core/Src/stm32l4xx_hal_timebase_tim.o
                0x000000000800150c                HAL_InitTick
 .text.NMI_Handler
                0x0000000008001584        0x2 Core/Src/stm32l4xx_it.o
                0x0000000008001584                NMI_Handler
 .text.HardFault_Handler
                0x0000000008001586        0x2 Core/Src/stm32l4xx_it.o
                0x0000000008001586                HardFault_Handler
 .text.MemManage_Handler
                0x0000000008001588        0x2 Core/Src/stm32l4xx_it.o
                0x0000000008001588                MemManage_Handler
 .text.BusFault_Handler
                0x000000000800158a        0x2 Core/Src/stm32l4xx_it.o
                0x000000000800158a                BusFault_Handler
 .text.UsageFault_Handler
                0x000000000800158c        0x2 Core/Src/stm32l4xx_it.o
                0x000000000800158c                UsageFault_Handler
 .text.SVC_Handler
                0x000000000800158e        0x2 Core/Src/stm32l4xx_it.o
                0x000000000800158e                SVC_Handler
 .text.DebugMon_Handler
                0x0000000008001590        0x2 Core/Src/stm32l4xx_it.o
                0x0000000008001590                DebugMon_Handler
 .text.PendSV_Handler
                0x0000000008001592        0x2 Core/Src/stm32l4xx_it.o
                0x0000000008001592                PendSV_Handler
 .text.SysTick_Handler
                0x0000000008001594        0x2 Core/Src/stm32l4xx_it.o
                0x0000000008001594                SysTick_Handler
 *fill*         0x0000000008001596        0x2 
 .text.TIM1_UP_TIM16_IRQHandler
                0x0000000008001598        0xc Core/Src/stm32l4xx_it.o
                0x0000000008001598                TIM1_UP_TIM16_IRQHandler
 .text.TIM6_DAC_IRQHandler
                0x00000000080015a4        0xc Core/Src/stm32l4xx_it.o
                0x00000000080015a4                TIM6_DAC_IRQHandler
 .text._sbrk    0x00000000080015b0       0x40 Core/Src/sysmem.o
                0x00000000080015b0                _sbrk
 .text.SystemInit
                0x00000000080015f0       0x44 Core/Src/system_stm32l4xx.o
                0x00000000080015f0                SystemInit
 .text.MX_TIM6_Init
                0x0000000008001634       0x44 Core/Src/tim.o
                0x0000000008001634                MX_TIM6_Init
 .text.HAL_TIM_Base_MspInit
                0x0000000008001678       0x40 Core/Src/tim.o
                0x0000000008001678                HAL_TIM_Base_MspInit
 .text.MX_USART2_UART_Init
                0x00000000080016b8       0x3c Core/Src/usart.o
                0x00000000080016b8                MX_USART2_UART_Init
 .text.HAL_UART_MspInit
                0x00000000080016f4       0x80 Core/Src/usart.o
                0x00000000080016f4                HAL_UART_MspInit
 .text.Reset_Handler
                0x0000000008001774       0x50 Core/Startup/startup_stm32l432kcux.o
                0x0000000008001774                Reset_Handler
 .text.Default_Handler
                0x00000000080017c4        0x2 Core/Startup/startup_stm32l432kcux.o
                0x00000000080017c4                RTC_Alarm_IRQHandler
                0x00000000080017c4                EXTI2_IRQHandler
                0x00000000080017c4                TIM1_CC_IRQHandler
                0x00000000080017c4                TSC_IRQHandler
                0x00000000080017c4                TAMP_STAMP_IRQHandler
                0x00000000080017c4                EXTI3_IRQHandler
                0x00000000080017c4                LPTIM2_IRQHandler
                0x00000000080017c4                I2C3_ER_IRQHandler
                0x00000000080017c4                EXTI0_IRQHandler
                0x00000000080017c4                CAN1_RX0_IRQHandler
                0x00000000080017c4                FPU_IRQHandler
                0x00000000080017c4                SPI1_IRQHandler
                0x00000000080017c4                DMA2_Channel2_IRQHandler
                0x00000000080017c4                DMA1_Channel4_IRQHandler
                0x00000000080017c4                ADC1_IRQHandler
                0x00000000080017c4                DMA1_Channel7_IRQHandler
                0x00000000080017c4                CAN1_RX1_IRQHandler
                0x00000000080017c4                DMA2_Channel1_IRQHandler
                0x00000000080017c4                QUADSPI_IRQHandler
                0x00000000080017c4                I2C1_EV_IRQHandler
                0x00000000080017c4                DMA1_Channel6_IRQHandler
                0x00000000080017c4                DMA2_Channel4_IRQHandler
                0x00000000080017c4                RCC_IRQHandler
                0x00000000080017c4                TIM1_TRG_COM_IRQHandler
                0x00000000080017c4                DMA1_Channel1_IRQHandler
                0x00000000080017c4                Default_Handler
                0x00000000080017c4                DMA2_Channel7_IRQHandler
                0x00000000080017c4                EXTI15_10_IRQHandler
                0x00000000080017c4                TIM7_IRQHandler
                0x00000000080017c4                I2C3_EV_IRQHandler
                0x00000000080017c4                USB_IRQHandler
                0x00000000080017c4                EXTI9_5_IRQHandler
                0x00000000080017c4                RTC_WKUP_IRQHandler
                0x00000000080017c4                PVD_PVM_IRQHandler
                0x00000000080017c4                CAN1_TX_IRQHandler
                0x00000000080017c4                DMA2_Channel5_IRQHandler
                0x00000000080017c4                CRS_IRQHandler
                0x00000000080017c4                DMA1_Channel5_IRQHandler
                0x00000000080017c4                EXTI4_IRQHandler
                0x00000000080017c4                RNG_IRQHandler
                0x00000000080017c4                DMA1_Channel3_IRQHandler
                0x00000000080017c4                COMP_IRQHandler
                0x00000000080017c4                WWDG_IRQHandler
                0x00000000080017c4                LPUART1_IRQHandler
                0x00000000080017c4                DMA2_Channel6_IRQHandler
                0x00000000080017c4                TIM2_IRQHandler
                0x00000000080017c4                EXTI1_IRQHandler
                0x00000000080017c4                USART2_IRQHandler
                0x00000000080017c4                DMA1_Channel2_IRQHandler
                0x00000000080017c4                CAN1_SCE_IRQHandler
                0x00000000080017c4                FLASH_IRQHandler
                0x00000000080017c4                USART1_IRQHandler
                0x00000000080017c4                SPI3_IRQHandler
                0x00000000080017c4                I2C1_ER_IRQHandler
                0x00000000080017c4                SWPMI1_IRQHandler
                0x00000000080017c4                LPTIM1_IRQHandler
                0x00000000080017c4                SAI1_IRQHandler
                0x00000000080017c4                DMA2_Channel3_IRQHandler
                0x00000000080017c4                TIM1_BRK_TIM15_IRQHandler
 .text.HAL_Init
                0x00000000080017c6       0x1e Drivers/STM32L4xx_HAL_Driver/Src/stm32l4xx_hal.o
                0x00000000080017c6                HAL_Init
 .text.HAL_IncTick
                0x00000000080017e4       0x18 Drivers/STM32L4xx_HAL_Driver/Src/stm32l4xx_hal.o
                0x00000000080017e4                HAL_IncTick
 .text.HAL_GetTick
                0x00000000080017fc        0xc Drivers/STM32L4xx_HAL_Driver/Src/stm32l4xx_hal.o
                0x00000000080017fc                HAL_GetTick
 .text.HAL_Delay
                0x0000000008001808       0x28 Drivers/STM32L4xx_HAL_Driver/Src/stm32l4xx_hal.o
                0x0000000008001808                HAL_Delay
 .text.HAL_NVIC_SetPriorityGrouping
                0x0000000008001830       0x24 Drivers/STM32L4xx_HAL_Driver/Src/stm32l4xx_hal_cortex.o
                0x0000000008001830                HAL_NVIC_SetPriorityGrouping
 .text.HAL_NVIC_SetPriority
                0x0000000008001854       0x64 Drivers/STM32L4xx_HAL_Driver/Src/stm32l4xx_hal_cortex.o
                0x0000000008001854                HAL_NVIC_SetPriority
 .text.HAL_NVIC_EnableIRQ
                0x00000000080018b8       0x1c Drivers/STM32L4xx_HAL_Driver/Src/stm32l4xx_hal_cortex.o
                0x00000000080018b8                HAL_NVIC_EnableIRQ
 .text.HAL_GPIO_Init
                0x00000000080018d4      0x16c Drivers/STM32L4xx_HAL_Driver/Src/stm32l4xx_hal_gpio.o
                0x00000000080018d4                HAL_GPIO_Init
 .text.HAL_GPIO_WritePin
                0x0000000008001a40        0xa Drivers/STM32L4xx_HAL_Driver/Src/stm32l4xx_hal_gpio.o
                0x0000000008001a40                HAL_GPIO_WritePin
 .text.HAL_GPIO_TogglePin
                0x0000000008001a4a       0x12 Drivers/STM32L4xx_HAL_Driver/Src/stm32l4xx_hal_gpio.o
                0x0000000008001a4a                HAL_GPIO_TogglePin
 .text.I2C_Flush_TXDR
                0x0000000008001a5c       0x1c Drivers/STM32L4xx_HAL_Driver/Src/stm32l4xx_hal_i2c.o
 .text.I2C_TransferConfig
                0x0000000008001a78       0x28 Drivers/STM32L4xx_HAL_Driver/Src/stm32l4xx_hal_i2c.o
 .text.I2C_IsAcknowledgeFailed
                0x0000000008001aa0       0x7a Drivers/STM32L4xx_HAL_Driver/Src/stm32l4xx_hal_i2c.o
 .text.I2C_WaitOnRXNEFlagUntilTimeout
                0x0000000008001b1a       0x7e Drivers/STM32L4xx_HAL_Driver/Src/stm32l4xx_hal_i2c.o
 .text.I2C_WaitOnSTOPFlagUntilTimeout
                0x0000000008001b98       0x4a Drivers/STM32L4xx_HAL_Driver/Src/stm32l4xx_hal_i2c.o
 .text.I2C_WaitOnFlagUntilTimeout
                0x0000000008001be2       0x54 Drivers/STM32L4xx_HAL_Driver/Src/stm32l4xx_hal_i2c.o
 .text.I2C_WaitOnTXISFlagUntilTimeout
                0x0000000008001c36       0x4e Drivers/STM32L4xx_HAL_Driver/Src/stm32l4xx_hal_i2c.o
 .text.I2C_RequestMemoryWrite
                0x0000000008001c84       0x6c Drivers/STM32L4xx_HAL_Driver/Src/stm32l4xx_hal_i2c.o
 .text.I2C_RequestMemoryRead
                0x0000000008001cf0       0x6c Drivers/STM32L4xx_HAL_Driver/Src/stm32l4xx_hal_i2c.o
 .text.HAL_I2C_Init
                0x0000000008001d5c       0xa2 Drivers/STM32L4xx_HAL_Driver/Src/stm32l4xx_hal_i2c.o
                0x0000000008001d5c                HAL_I2C_Init
 *fill*         0x0000000008001dfe        0x2 
 .text.HAL_I2C_Master_Transmit
                0x0000000008001e00      0x12c Drivers/STM32L4xx_HAL_Driver/Src/stm32l4xx_hal_i2c.o
                0x0000000008001e00                HAL_I2C_Master_Transmit
 .text.HAL_I2C_Master_Receive
                0x0000000008001f2c      0x130 Drivers/STM32L4xx_HAL_Driver/Src/stm32l4xx_hal_i2c.o
                0x0000000008001f2c                HAL_I2C_Master_Receive
 .text.HAL_I2C_Mem_Write
                0x000000000800205c      0x16c Drivers/STM32L4xx_HAL_Driver/Src/stm32l4xx_hal_i2c.o
                0x000000000800205c                HAL_I2C_Mem_Write
 .text.HAL_I2C_Mem_Read
                0x00000000080021c8      0x178 Drivers/STM32L4xx_HAL_Driver/Src/stm32l4xx_hal_i2c.o
                0x00000000080021c8                HAL_I2C_Mem_Read
 .text.HAL_I2C_IsDeviceReady
                0x0000000008002340      0x13a Drivers/STM32L4xx_HAL_Driver/Src/stm32l4xx_hal_i2c.o
                0x0000000008002340                HAL_I2C_IsDeviceReady
 .text.HAL_I2CEx_ConfigAnalogFilter
                0x000000000800247a       0x4c Drivers/STM32L4xx_HAL_Driver/Src/stm32l4xx_hal_i2c_ex.o
                0x000000000800247a                HAL_I2CEx_ConfigAnalogFilter
 .text.HAL_I2CEx_ConfigDigitalFilter
                0x00000000080024c6       0x4a Drivers/STM32L4xx_HAL_Driver/Src/stm32l4xx_hal_i2c_ex.o
                0x00000000080024c6                HAL_I2CEx_ConfigDigitalFilter
 .text.HAL_PWR_EnableBkUpAccess
                0x0000000008002510       0x10 Drivers/STM32L4xx_HAL_Driver/Src/stm32l4xx_hal_pwr.o
                0x0000000008002510                HAL_PWR_EnableBkUpAccess
 .text.HAL_PWREx_GetVoltageRange
                0x0000000008002520       0x10 Drivers/STM32L4xx_HAL_Driver/Src/stm32l4xx_hal_pwr_ex.o
                0x0000000008002520                HAL_PWREx_GetVoltageRange
 .text.HAL_PWREx_ControlVoltageScaling
                0x0000000008002530       0x6c Drivers/STM32L4xx_HAL_Driver/Src/stm32l4xx_hal_pwr_ex.o
                0x0000000008002530                HAL_PWREx_ControlVoltageScaling
 .text.RCC_SetFlashLatencyFromMSIRange
                0x000000000800259c       0x84 Drivers/STM32L4xx_HAL_Driver/Src/stm32l4xx_hal_rcc.o
 .text.HAL_RCC_GetSysClockFreq
                0x0000000008002620       0x9c Drivers/STM32L4xx_HAL_Driver/Src/stm32l4xx_hal_rcc.o
                0x0000000008002620                HAL_RCC_GetSysClockFreq
 .text.HAL_RCC_OscConfig
                0x00000000080026bc      0x554 Drivers/STM32L4xx_HAL_Driver/Src/stm32l4xx_hal_rcc.o
                0x00000000080026bc                HAL_RCC_OscConfig
 .text.HAL_RCC_ClockConfig
                0x0000000008002c10      0x128 Drivers/STM32L4xx_HAL_Driver/Src/stm32l4xx_hal_rcc.o
                0x0000000008002c10                HAL_RCC_ClockConfig
 .text.HAL_RCC_GetPCLK1Freq
                0x0000000008002d38       0x24 Drivers/STM32L4xx_HAL_Driver/Src/stm32l4xx_hal_rcc.o
                0x0000000008002d38                HAL_RCC_GetPCLK1Freq
 .text.HAL_RCC_GetPCLK2Freq
                0x0000000008002d5c       0x24 Drivers/STM32L4xx_HAL_Driver/Src/stm32l4xx_hal_rcc.o
                0x0000000008002d5c                HAL_RCC_GetPCLK2Freq
 .text.HAL_RCC_GetClockConfig
                0x0000000008002d80       0x3c Drivers/STM32L4xx_HAL_Driver/Src/stm32l4xx_hal_rcc.o
                0x0000000008002d80                HAL_RCC_GetClockConfig
 .text.RCCEx_PLLSAI1_Config
                0x0000000008002dbc      0x114 Drivers/STM32L4xx_HAL_Driver/Src/stm32l4xx_hal_rcc_ex.o
 .text.HAL_RCCEx_PeriphCLKConfig
                0x0000000008002ed0      0x284 Drivers/STM32L4xx_HAL_Driver/Src/stm32l4xx_hal_rcc_ex.o
                0x0000000008002ed0                HAL_RCCEx_PeriphCLKConfig
 .text.HAL_RCCEx_EnableMSIPLLMode
                0x0000000008003154       0x10 Drivers/STM32L4xx_HAL_Driver/Src/stm32l4xx_hal_rcc_ex.o
                0x0000000008003154                HAL_RCCEx_EnableMSIPLLMode
 .text.SPI_WaitFlagStateUntilTimeout.constprop.0
                0x0000000008003164       0xa4 Drivers/STM32L4xx_HAL_Driver/Src/stm32l4xx_hal_spi.o
 .text.SPI_WaitFifoStateUntilTimeout.constprop.0
                0x0000000008003208       0xbc Drivers/STM32L4xx_HAL_Driver/Src/stm32l4xx_hal_spi.o
 .text.SPI_EndRxTxTransaction
                0x00000000080032c4       0x4a Drivers/STM32L4xx_HAL_Driver/Src/stm32l4xx_hal_spi.o
 .text.HAL_SPI_Init
                0x000000000800330e       0xd4 Drivers/STM32L4xx_HAL_Driver/Src/stm32l4xx_hal_spi.o
                0x000000000800330e                HAL_SPI_Init
 .text.HAL_SPI_TransmitReceive
                0x00000000080033e2      0x24c Drivers/STM32L4xx_HAL_Driver/Src/stm32l4xx_hal_spi.o
                0x00000000080033e2                HAL_SPI_TransmitReceive
 *fill*         0x000000000800362e        0x2 
 .text.HAL_TIM_Base_Start_IT
                0x0000000008003630       0x54 Drivers/STM32L4xx_HAL_Driver/Src/stm32l4xx_hal_tim.o
                0x0000000008003630                HAL_TIM_Base_Start_IT
 .text.HAL_TIM_OC_DelayElapsedCallback
                0x0000000008003684        0x2 Drivers/STM32L4xx_HAL_Driver/Src/stm32l4xx_hal_tim.o
                0x0000000008003684                HAL_TIM_OC_DelayElapsedCallback
 .text.HAL_TIM_IC_CaptureCallback
                0x0000000008003686        0x2 Drivers/STM32L4xx_HAL_Driver/Src/stm32l4xx_hal_tim.o
                0x0000000008003686                HAL_TIM_IC_CaptureCallback
 .text.HAL_TIM_PWM_PulseFinishedCallback
                0x0000000008003688        0x2 Drivers/STM32L4xx_HAL_Driver/Src/stm32l4xx_hal_tim.o
                0x0000000008003688                HAL_TIM_PWM_PulseFinishedCallback
 .text.HAL_TIM_TriggerCallback
                0x000000000800368a        0x2 Drivers/STM32L4xx_HAL_Driver/Src/stm32l4xx_hal_tim.o
                0x000000000800368a                HAL_TIM_TriggerCallback
 .text.HAL_TIM_IRQHandler
                0x000000000800368c      0x160 Drivers/STM32L4xx_HAL_Driver/Src/stm32l4xx_hal_tim.o
                0x000000000800368c                HAL_TIM_IRQHandler
 .text.TIM_Base_SetConfig
                0x00000000080037ec       0x74 Drivers/STM32L4xx_HAL_Driver/Src/stm32l4xx_hal_tim.o
                0x00000000080037ec                TIM_Base_SetConfig
 .text.HAL_TIM_Base_Init
                0x0000000008003860       0x60 Drivers/STM32L4xx_HAL_Driver/Src/stm32l4xx_hal_tim.o
                0x0000000008003860                HAL_TIM_Base_Init
 .text.HAL_TIMEx_MasterConfigSynchronization
                0x00000000080038c0       0x64 Drivers/STM32L4xx_HAL_Driver/Src/stm32l4xx_hal_tim_ex.o
                0x00000000080038c0                HAL_TIMEx_MasterConfigSynchronization
 .text.HAL_TIMEx_CommutCallback
                0x0000000008003924        0x2 Drivers/STM32L4xx_HAL_Driver/Src/stm32l4xx_hal_tim_ex.o
                0x0000000008003924                HAL_TIMEx_CommutCallback
 .text.HAL_TIMEx_BreakCallback
                0x0000000008003926        0x2 Drivers/STM32L4xx_HAL_Driver/Src/stm32l4xx_hal_tim_ex.o
                0x0000000008003926                HAL_TIMEx_BreakCallback
 .text.HAL_TIMEx_Break2Callback
                0x0000000008003928        0x2 Drivers/STM32L4xx_HAL_Driver/Src/stm32l4xx_hal_tim_ex.o
                0x0000000008003928                HAL_TIMEx_Break2Callback
 *fill*         0x000000000800392a        0x2 
 .text.UART_SetConfig
                0x000000000800392c      0x1e0 Drivers/STM32L4xx_HAL_Driver/Src/stm32l4xx_hal_uart.o
                0x000000000800392c                UART_SetConfig
 .text.UART_AdvFeatureConfig
                0x0000000008003b0c       0xa8 Drivers/STM32L4xx_HAL_Driver/Src/stm32l4xx_hal_uart.o
                0x0000000008003b0c                UART_AdvFeatureConfig
 .text.UART_WaitOnFlagUntilTimeout
                0x0000000008003bb4       0x8c Drivers/STM32L4xx_HAL_Driver/Src/stm32l4xx_hal_uart.o
                0x0000000008003bb4                UART_WaitOnFlagUntilTimeout
 .text.UART_CheckIdleState
                0x0000000008003c40       0x66 Drivers/STM32L4xx_HAL_Driver/Src/stm32l4xx_hal_uart.o
                0x0000000008003c40                UART_CheckIdleState
 .text.HAL_UART_Init
                0x0000000008003ca6       0x5c Drivers/STM32L4xx_HAL_Driver/Src/stm32l4xx_hal_uart.o
                0x0000000008003ca6                HAL_UART_Init
 *fill*         0x0000000008003d02        0x2 
 .text.MX_FATFS_Init
                0x0000000008003d04       0x1c FATFS/App/fatfs.o
                0x0000000008003d04                MX_FATFS_Init
 .text.get_fattime
                0x0000000008003d20        0x4 FATFS/App/fatfs.o
                0x0000000008003d20                get_fattime
 .text.USER_initialize
                0x0000000008003d24        0x4 FATFS/Target/user_diskio.o
                0x0000000008003d24                USER_initialize
 .text.USER_status
                0x0000000008003d28        0x4 FATFS/Target/user_diskio.o
                0x0000000008003d28                USER_status
 .text.USER_read
                0x0000000008003d2c        0x4 FATFS/Target/user_diskio.o
                0x0000000008003d2c                USER_read
 .text.USER_write
                0x0000000008003d30        0x4 FATFS/Target/user_diskio.o
                0x0000000008003d30                USER_write
 .text.USER_ioctl
                0x0000000008003d34        0x4 FATFS/Target/user_diskio.o
                0x0000000008003d34                USER_ioctl
 .text.xchg_spi
                0x0000000008003d38       0x28 FATFS/Target/user_diskio_spi.o
 .text.wait_ready
                0x0000000008003d60       0x2a FATFS/Target/user_diskio_spi.o
 .text.despiselect
                0x0000000008003d8a       0x18 FATFS/Target/user_diskio_spi.o
 .text.spiselect
                0x0000000008003da2       0x2c FATFS/Target/user_diskio_spi.o
 .text.send_cmd
                0x0000000008003dce       0x84 FATFS/Target/user_diskio_spi.o
 .text.xmit_datablock.part.0
                0x0000000008003e52       0x32 FATFS/Target/user_diskio_spi.o
 .text.SPI_Timer_On
                0x0000000008003e84       0x1c FATFS/Target/user_diskio_spi.o
                0x0000000008003e84                SPI_Timer_On
 .text.SPI_Timer_Status
                0x0000000008003ea0       0x24 FATFS/Target/user_diskio_spi.o
                0x0000000008003ea0                SPI_Timer_Status
 .text.rcvr_datablock
                0x0000000008003ec4       0x46 FATFS/Target/user_diskio_spi.o
 *fill*         0x0000000008003f0a        0x2 
 .text.USER_SPI_initialize
                0x0000000008003f0c      0x124 FATFS/Target/user_diskio_spi.o
                0x0000000008003f0c                USER_SPI_initialize
 .text.USER_SPI_status
                0x0000000008004030       0x14 FATFS/Target/user_diskio_spi.o
                0x0000000008004030                USER_SPI_status
 .text.USER_SPI_read
                0x0000000008004044       0x80 FATFS/Target/user_diskio_spi.o
                0x0000000008004044                USER_SPI_read
 .text.USER_SPI_write
                0x00000000080040c4       0xc8 FATFS/Target/user_diskio_spi.o
                0x00000000080040c4                USER_SPI_write
 .text.USER_SPI_ioctl
                0x000000000800418c      0x1d0 FATFS/Target/user_diskio_spi.o
                0x000000000800418c                USER_SPI_ioctl
 .text.disk_status
                0x000000000800435c       0x14 Middlewares/Third_Party/FatFs/src/diskio.o
                0x000000000800435c                disk_status
 .text.disk_initialize
                0x0000000008004370       0x20 Middlewares/Third_Party/FatFs/src/diskio.o
                0x0000000008004370                disk_initialize
 .text.disk_read
                0x0000000008004390       0x1c Middlewares/Third_Party/FatFs/src/diskio.o
                0x0000000008004390                disk_read
 .text.disk_write
                0x00000000080043ac       0x1c Middlewares/Third_Party/FatFs/src/diskio.o
                0x00000000080043ac                disk_write
 .text.disk_ioctl
                0x00000000080043c8       0x1c Middlewares/Third_Party/FatFs/src/diskio.o
                0x00000000080043c8                disk_ioctl
 .text.ld_dword
                0x00000000080043e4       0x10 Middlewares/Third_Party/FatFs/src/ff.o
 .text.st_dword
                0x00000000080043f4       0x10 Middlewares/Third_Party/FatFs/src/ff.o
 .text.mem_set  0x0000000008004404        0xc Middlewares/Third_Party/FatFs/src/ff.o
 .text.chk_lock
                0x0000000008004410       0x74 Middlewares/Third_Party/FatFs/src/ff.o
 .text.inc_lock
                0x0000000008004484       0x84 Middlewares/Third_Party/FatFs/src/ff.o
 .text.dec_lock
                0x0000000008004508       0x3c Middlewares/Third_Party/FatFs/src/ff.o
 .text.clust2sect
                0x0000000008004544       0x16 Middlewares/Third_Party/FatFs/src/ff.o
 .text.clmt_clust
                0x000000000800455a       0x22 Middlewares/Third_Party/FatFs/src/ff.o
 .text.get_ldnumber
                0x000000000800457c       0x30 Middlewares/Third_Party/FatFs/src/ff.o
 .text.validate
                0x00000000080045ac       0x34 Middlewares/Third_Party/FatFs/src/ff.o
 .text.mem_cpy.part.0
                0x00000000080045e0       0x12 Middlewares/Third_Party/FatFs/src/ff.o
 .text.ld_clust.isra.0
                0x00000000080045f2       0x1c Middlewares/Third_Party/FatFs/src/ff.o
 .text.st_clust.isra.0
                0x000000000800460e       0x18 Middlewares/Third_Party/FatFs/src/ff.o
 .text.get_fileinfo.part.0
                0x0000000008004626       0x56 Middlewares/Third_Party/FatFs/src/ff.o
 .text.sync_window.part.0
                0x000000000800467c       0x4c Middlewares/Third_Party/FatFs/src/ff.o
 .text.sync_window
                0x00000000080046c8        0xc Middlewares/Third_Party/FatFs/src/ff.o
 .text.move_window
                0x00000000080046d4       0x32 Middlewares/Third_Party/FatFs/src/ff.o
 *fill*         0x0000000008004706        0x2 
 .text.check_fs
                0x0000000008004708       0x7c Middlewares/Third_Party/FatFs/src/ff.o
 .text.find_volume
                0x0000000008004784      0x2d4 Middlewares/Third_Party/FatFs/src/ff.o
 .text.put_fat  0x0000000008004a58       0xfa Middlewares/Third_Party/FatFs/src/ff.o
 .text.get_fat.isra.0
                0x0000000008004b52       0xb4 Middlewares/Third_Party/FatFs/src/ff.o
 .text.create_chain
                0x0000000008004c06       0xb0 Middlewares/Third_Party/FatFs/src/ff.o
 .text.remove_chain
                0x0000000008004cb6       0x70 Middlewares/Third_Party/FatFs/src/ff.o
 .text.sync_fs  0x0000000008004d26       0x96 Middlewares/Third_Party/FatFs/src/ff.o
 .text.dir_sdi.constprop.0
                0x0000000008004dbc       0x64 Middlewares/Third_Party/FatFs/src/ff.o
 .text.dir_next
                0x0000000008004e20       0xea Middlewares/Third_Party/FatFs/src/ff.o
 *fill*         0x0000000008004f0a        0x2 
 .text.follow_path
                0x0000000008004f0c      0x17c Middlewares/Third_Party/FatFs/src/ff.o
 .text.dir_register
                0x0000000008005088       0x62 Middlewares/Third_Party/FatFs/src/ff.o
 *fill*         0x00000000080050ea        0x2 
 .text.f_mount  0x00000000080050ec       0x68 Middlewares/Third_Party/FatFs/src/ff.o
                0x00000000080050ec                f_mount
 .text.f_open   0x0000000008005154      0x200 Middlewares/Third_Party/FatFs/src/ff.o
                0x0000000008005154                f_open
 .text.f_write  0x0000000008005354      0x18e Middlewares/Third_Party/FatFs/src/ff.o
                0x0000000008005354                f_write
 .text.f_sync   0x00000000080054e2       0x92 Middlewares/Third_Party/FatFs/src/ff.o
                0x00000000080054e2                f_sync
 .text.f_close  0x0000000008005574       0x22 Middlewares/Third_Party/FatFs/src/ff.o
                0x0000000008005574                f_close
 .text.f_stat   0x0000000008005596       0x44 Middlewares/Third_Party/FatFs/src/ff.o
                0x0000000008005596                f_stat
 .text.f_mkdir  0x00000000080055da      0x160 Middlewares/Third_Party/FatFs/src/ff.o
                0x00000000080055da                f_mkdir
 *fill*         0x000000000800573a        0x2 
 .text.FATFS_LinkDriverEx
                0x000000000800573c       0x40 Middlewares/Third_Party/FatFs/src/ff_gen_drv.o
                0x000000000800573c                FATFS_LinkDriverEx
 .text.FATFS_LinkDriver
                0x000000000800577c        0x6 Middlewares/Third_Party/FatFs/src/ff_gen_drv.o
                0x000000000800577c                FATFS_LinkDriver
 *fill*         0x0000000008005782        0x2 
 .text.__errno  0x0000000008005784        0xc c:/st/stm32cubeide_1.6.1/stm32cubeide/plugins/com.st.stm32cube.ide.mcu.externaltools.gnu-tools-for-stm32.9-2020-q2-update.win32_1.5.0.202011040924/tools/bin/../lib/gcc/arm-none-eabi/9.3.1/../../../../arm-none-eabi/lib/thumb/v7e-m+fp/hard\libc_nano.a(lib_a-errno.o)
                0x0000000008005784                __errno
 .text.__libc_init_array
                0x0000000008005790       0x48 c:/st/stm32cubeide_1.6.1/stm32cubeide/plugins/com.st.stm32cube.ide.mcu.externaltools.gnu-tools-for-stm32.9-2020-q2-update.win32_1.5.0.202011040924/tools/bin/../lib/gcc/arm-none-eabi/9.3.1/../../../../arm-none-eabi/lib/thumb/v7e-m+fp/hard\libc_nano.a(lib_a-init.o)
                0x0000000008005790                __libc_init_array
 .text.memset   0x00000000080057d8       0x10 c:/st/stm32cubeide_1.6.1/stm32cubeide/plugins/com.st.stm32cube.ide.mcu.externaltools.gnu-tools-for-stm32.9-2020-q2-update.win32_1.5.0.202011040924/tools/bin/../lib/gcc/arm-none-eabi/9.3.1/../../../../arm-none-eabi/lib/thumb/v7e-m+fp/hard\libc_nano.a(lib_a-memset.o)
                0x00000000080057d8                memset
 .text.snprintf
                0x00000000080057e8       0x68 c:/st/stm32cubeide_1.6.1/stm32cubeide/plugins/com.st.stm32cube.ide.mcu.externaltools.gnu-tools-for-stm32.9-2020-q2-update.win32_1.5.0.202011040924/tools/bin/../lib/gcc/arm-none-eabi/9.3.1/../../../../arm-none-eabi/lib/thumb/v7e-m+fp/hard\libc_nano.a(lib_a-snprintf.o)
                0x00000000080057e8                sniprintf
                0x00000000080057e8                snprintf
 .text.__ssputs_r
                0x0000000008005850       0xb6 c:/st/stm32cubeide_1.6.1/stm32cubeide/plugins/com.st.stm32cube.ide.mcu.externaltools.gnu-tools-for-stm32.9-2020-q2-update.win32_1.5.0.202011040924/tools/bin/../lib/gcc/arm-none-eabi/9.3.1/../../../../arm-none-eabi/lib/thumb/v7e-m+fp/hard\libc_nano.a(lib_a-nano-svfprintf.o)
                0x0000000008005850                __ssputs_r
 *fill*         0x0000000008005906        0x2 
 .text._svfprintf_r
                0x0000000008005908      0x200 c:/st/stm32cubeide_1.6.1/stm32cubeide/plugins/com.st.stm32cube.ide.mcu.externaltools.gnu-tools-for-stm32.9-2020-q2-update.win32_1.5.0.202011040924/tools/bin/../lib/gcc/arm-none-eabi/9.3.1/../../../../arm-none-eabi/lib/thumb/v7e-m+fp/hard\libc_nano.a(lib_a-nano-svfprintf.o)
                0x0000000008005908                _svfiprintf_r
                0x0000000008005908                _svfprintf_r
 .text._printf_common
                0x0000000008005b08       0xda c:/st/stm32cubeide_1.6.1/stm32cubeide/plugins/com.st.stm32cube.ide.mcu.externaltools.gnu-tools-for-stm32.9-2020-q2-update.win32_1.5.0.202011040924/tools/bin/../lib/gcc/arm-none-eabi/9.3.1/../../../../arm-none-eabi/lib/thumb/v7e-m+fp/hard\libc_nano.a(lib_a-nano-vfprintf_i.o)
                0x0000000008005b08                _printf_common
 *fill*         0x0000000008005be2        0x2 
 .text._printf_i
                0x0000000008005be4      0x24c c:/st/stm32cubeide_1.6.1/stm32cubeide/plugins/com.st.stm32cube.ide.mcu.externaltools.gnu-tools-for-stm32.9-2020-q2-update.win32_1.5.0.202011040924/tools/bin/../lib/gcc/arm-none-eabi/9.3.1/../../../../arm-none-eabi/lib/thumb/v7e-m+fp/hard\libc_nano.a(lib_a-nano-vfprintf_i.o)
                0x0000000008005be4                _printf_i
 .text.memcpy   0x0000000008005e30       0x1c c:/st/stm32cubeide_1.6.1/stm32cubeide/plugins/com.st.stm32cube.ide.mcu.externaltools.gnu-tools-for-stm32.9-2020-q2-update.win32_1.5.0.202011040924/tools/bin/../lib/gcc/arm-none-eabi/9.3.1/../../../../arm-none-eabi/lib/thumb/v7e-m+fp/hard\libc_nano.a(lib_a-memcpy-stub.o)
                0x0000000008005e30                memcpy
 .text.memmove  0x0000000008005e4c       0x34 c:/st/stm32cubeide_1.6.1/stm32cubeide/plugins/com.st.stm32cube.ide.mcu.externaltools.gnu-tools-for-stm32.9-2020-q2-update.win32_1.5.0.202011040924/tools/bin/../lib/gcc/arm-none-eabi/9.3.1/../../../../arm-none-eabi/lib/thumb/v7e-m+fp/hard\libc_nano.a(lib_a-memmove.o)
                0x0000000008005e4c                memmove
 .text._free_r  0x0000000008005e80       0xa0 c:/st/stm32cubeide_1.6.1/stm32cubeide/plugins/com.st.stm32cube.ide.mcu.externaltools.gnu-tools-for-stm32.9-2020-q2-update.win32_1.5.0.202011040924/tools/bin/../lib/gcc/arm-none-eabi/9.3.1/../../../../arm-none-eabi/lib/thumb/v7e-m+fp/hard\libc_nano.a(lib_a-nano-freer.o)
                0x0000000008005e80                _free_r
 .text._malloc_r
                0x0000000008005f20       0xb4 c:/st/stm32cubeide_1.6.1/stm32cubeide/plugins/com.st.stm32cube.ide.mcu.externaltools.gnu-tools-for-stm32.9-2020-q2-update.win32_1.5.0.202011040924/tools/bin/../lib/gcc/arm-none-eabi/9.3.1/../../../../arm-none-eabi/lib/thumb/v7e-m+fp/hard\libc_nano.a(lib_a-nano-mallocr.o)
                0x0000000008005f20                _malloc_r
 .text._realloc_r
                0x0000000008005fd4       0x4c c:/st/stm32cubeide_1.6.1/stm32cubeide/plugins/com.st.stm32cube.ide.mcu.externaltools.gnu-tools-for-stm32.9-2020-q2-update.win32_1.5.0.202011040924/tools/bin/../lib/gcc/arm-none-eabi/9.3.1/../../../../arm-none-eabi/lib/thumb/v7e-m+fp/hard\libc_nano.a(lib_a-nano-reallocr.o)
                0x0000000008005fd4                _realloc_r
 .text._sbrk_r  0x0000000008006020       0x20 c:/st/stm32cubeide_1.6.1/stm32cubeide/plugins/com.st.stm32cube.ide.mcu.externaltools.gnu-tools-for-stm32.9-2020-q2-update.win32_1.5.0.202011040924/tools/bin/../lib/gcc/arm-none-eabi/9.3.1/../../../../arm-none-eabi/lib/thumb/v7e-m+fp/hard\libc_nano.a(lib_a-sbrkr.o)
                0x0000000008006020                _sbrk_r
 .text.__malloc_lock
                0x0000000008006040        0xc c:/st/stm32cubeide_1.6.1/stm32cubeide/plugins/com.st.stm32cube.ide.mcu.externaltools.gnu-tools-for-stm32.9-2020-q2-update.win32_1.5.0.202011040924/tools/bin/../lib/gcc/arm-none-eabi/9.3.1/../../../../arm-none-eabi/lib/thumb/v7e-m+fp/hard\libc_nano.a(lib_a-mlock.o)
                0x0000000008006040                __malloc_lock
 .text.__malloc_unlock
                0x000000000800604c        0xc c:/st/stm32cubeide_1.6.1/stm32cubeide/plugins/com.st.stm32cube.ide.mcu.externaltools.gnu-tools-for-stm32.9-2020-q2-update.win32_1.5.0.202011040924/tools/bin/../lib/gcc/arm-none-eabi/9.3.1/../../../../arm-none-eabi/lib/thumb/v7e-m+fp/hard\libc_nano.a(lib_a-mlock.o)
                0x000000000800604c                __malloc_unlock
 .text._malloc_usable_size_r
                0x0000000008006058       0x10 c:/st/stm32cubeide_1.6.1/stm32cubeide/plugins/com.st.stm32cube.ide.mcu.externaltools.gnu-tools-for-stm32.9-2020-q2-update.win32_1.5.0.202011040924/tools/bin/../lib/gcc/arm-none-eabi/9.3.1/../../../../arm-none-eabi/lib/thumb/v7e-m+fp/hard\libc_nano.a(lib_a-nano-msizer.o)
                0x0000000008006058                _malloc_usable_size_r
 .text.__retarget_lock_acquire_recursive
                0x0000000008006068        0x2 c:/st/stm32cubeide_1.6.1/stm32cubeide/plugins/com.st.stm32cube.ide.mcu.externaltools.gnu-tools-for-stm32.9-2020-q2-update.win32_1.5.0.202011040924/tools/bin/../lib/gcc/arm-none-eabi/9.3.1/../../../../arm-none-eabi/lib/thumb/v7e-m+fp/hard\libc_nano.a(lib_a-lock.o)
                0x0000000008006068                __retarget_lock_acquire_recursive
 .text.__retarget_lock_release_recursive
                0x000000000800606a        0x2 c:/st/stm32cubeide_1.6.1/stm32cubeide/plugins/com.st.stm32cube.ide.mcu.externaltools.gnu-tools-for-stm32.9-2020-q2-update.win32_1.5.0.202011040924/tools/bin/../lib/gcc/arm-none-eabi/9.3.1/../../../../arm-none-eabi/lib/thumb/v7e-m+fp/hard\libc_nano.a(lib_a-lock.o)
                0x000000000800606a                __retarget_lock_release_recursive
 *(.glue_7)
 .glue_7        0x000000000800606c        0x0 linker stubs
 *(.glue_7t)
 .glue_7t       0x000000000800606c        0x0 linker stubs
 *(.eh_frame)
 .eh_frame      0x000000000800606c        0x0 c:/st/stm32cubeide_1.6.1/stm32cubeide/plugins/com.st.stm32cube.ide.mcu.externaltools.gnu-tools-for-stm32.9-2020-q2-update.win32_1.5.0.202011040924/tools/bin/../lib/gcc/arm-none-eabi/9.3.1/thumb/v7e-m+fp/hard/crtbegin.o
 *(.init)
 .init          0x000000000800606c        0x4 c:/st/stm32cubeide_1.6.1/stm32cubeide/plugins/com.st.stm32cube.ide.mcu.externaltools.gnu-tools-for-stm32.9-2020-q2-update.win32_1.5.0.202011040924/tools/bin/../lib/gcc/arm-none-eabi/9.3.1/thumb/v7e-m+fp/hard/crti.o
                0x000000000800606c                _init
 .init          0x0000000008006070        0x8 c:/st/stm32cubeide_1.6.1/stm32cubeide/plugins/com.st.stm32cube.ide.mcu.externaltools.gnu-tools-for-stm32.9-2020-q2-update.win32_1.5.0.202011040924/tools/bin/../lib/gcc/arm-none-eabi/9.3.1/thumb/v7e-m+fp/hard/crtn.o
 *(.fini)
 .fini          0x0000000008006078        0x4 c:/st/stm32cubeide_1.6.1/stm32cubeide/plugins/com.st.stm32cube.ide.mcu.externaltools.gnu-tools-for-stm32.9-2020-q2-update.win32_1.5.0.202011040924/tools/bin/../lib/gcc/arm-none-eabi/9.3.1/thumb/v7e-m+fp/hard/crti.o
                0x0000000008006078                _fini
 .fini          0x000000000800607c        0x8 c:/st/stm32cubeide_1.6.1/stm32cubeide/plugins/com.st.stm32cube.ide.mcu.externaltools.gnu-tools-for-stm32.9-2020-q2-update.win32_1.5.0.202011040924/tools/bin/../lib/gcc/arm-none-eabi/9.3.1/thumb/v7e-m+fp/hard/crtn.o
                0x0000000008006084                . = ALIGN (0x4)
                0x0000000008006084                _etext = .

.vfp11_veneer   0x0000000008006084        0x0
 .vfp11_veneer  0x0000000008006084        0x0 linker stubs

.v4_bx          0x0000000008006084        0x0
 .v4_bx         0x0000000008006084        0x0 linker stubs

.iplt           0x0000000008006084        0x0
 .iplt          0x0000000008006084        0x0 c:/st/stm32cubeide_1.6.1/stm32cubeide/plugins/com.st.stm32cube.ide.mcu.externaltools.gnu-tools-for-stm32.9-2020-q2-update.win32_1.5.0.202011040924/tools/bin/../lib/gcc/arm-none-eabi/9.3.1/thumb/v7e-m+fp/hard/crtbegin.o

.rodata         0x0000000008006084      0x154
                0x0000000008006084                . = ALIGN (0x4)
 *(.rodata)
 *(.rodata*)
 .rodata.unmountSD.str1.1
                0x0000000008006084        0x0 Core/Src/Application.o
                                          0x1 (size before relaxing)
 .rodata.ApplicationInit.str1.1
                0x0000000008006084        0xd Core/Src/Application.o
 .rodata.ApplicationTask.str1.1
                0x0000000008006091       0x2a Core/Src/Application.o
 .rodata.AHBPrescTable
                0x00000000080060bb       0x10 Core/Src/system_stm32l4xx.o
                0x00000000080060bb                AHBPrescTable
 .rodata.APBPrescTable
                0x00000000080060cb        0x8 Core/Src/system_stm32l4xx.o
                0x00000000080060cb                APBPrescTable
 *fill*         0x00000000080060d3        0x1 
 .rodata.MSIRangeTable
                0x00000000080060d4       0x30 Core/Src/system_stm32l4xx.o
                0x00000000080060d4                MSIRangeTable
 .rodata.CSWTCH.51
                0x0000000008006104        0x3 Drivers/STM32L4xx_HAL_Driver/Src/stm32l4xx_hal_uart.o
 .rodata.CSWTCH.52
                0x0000000008006107        0xd Drivers/STM32L4xx_HAL_Driver/Src/stm32l4xx_hal_uart.o
 .rodata.follow_path.str1.1
                0x0000000008006114        0xf Middlewares/Third_Party/FatFs/src/ff.o
 .rodata.ExCvt  0x0000000008006123       0x80 Middlewares/Third_Party/FatFs/src/ff.o
 .rodata._svfprintf_r.str1.1
                0x00000000080061a3       0x11 c:/st/stm32cubeide_1.6.1/stm32cubeide/plugins/com.st.stm32cube.ide.mcu.externaltools.gnu-tools-for-stm32.9-2020-q2-update.win32_1.5.0.202011040924/tools/bin/../lib/gcc/arm-none-eabi/9.3.1/../../../../arm-none-eabi/lib/thumb/v7e-m+fp/hard\libc_nano.a(lib_a-nano-svfprintf.o)
 .rodata._printf_i.str1.1
                0x00000000080061b4       0x22 c:/st/stm32cubeide_1.6.1/stm32cubeide/plugins/com.st.stm32cube.ide.mcu.externaltools.gnu-tools-for-stm32.9-2020-q2-update.win32_1.5.0.202011040924/tools/bin/../lib/gcc/arm-none-eabi/9.3.1/../../../../arm-none-eabi/lib/thumb/v7e-m+fp/hard\libc_nano.a(lib_a-nano-vfprintf_i.o)
                0x00000000080061d8                . = ALIGN (0x4)
 *fill*         0x00000000080061d6        0x2 

.ARM.extab      0x00000000080061d8        0x0
                0x00000000080061d8                . = ALIGN (0x4)
 *(.ARM.extab* .gnu.linkonce.armextab.*)
                0x00000000080061d8                . = ALIGN (0x4)

.ARM            0x00000000080061d8        0x8
                0x00000000080061d8                . = ALIGN (0x4)
                0x00000000080061d8                __exidx_start = .
 *(.ARM.exidx*)
 .ARM.exidx     0x00000000080061d8        0x8 c:/st/stm32cubeide_1.6.1/stm32cubeide/plugins/com.st.stm32cube.ide.mcu.externaltools.gnu-tools-for-stm32.9-2020-q2-update.win32_1.5.0.202011040924/tools/bin/../lib/gcc/arm-none-eabi/9.3.1/thumb/v7e-m+fp/hard\libgcc.a(_udivmoddi4.o)
                0x00000000080061e0                __exidx_end = .
                0x00000000080061e0                . = ALIGN (0x4)

.rel.dyn        0x00000000080061e0        0x0
 .rel.iplt      0x00000000080061e0        0x0 c:/st/stm32cubeide_1.6.1/stm32cubeide/plugins/com.st.stm32cube.ide.mcu.externaltools.gnu-tools-for-stm32.9-2020-q2-update.win32_1.5.0.202011040924/tools/bin/../lib/gcc/arm-none-eabi/9.3.1/thumb/v7e-m+fp/hard/crtbegin.o

.preinit_array  0x00000000080061e0        0x0
                0x00000000080061e0                . = ALIGN (0x4)
                0x00000000080061e0                PROVIDE (__preinit_array_start = .)
 *(.preinit_array*)
                0x00000000080061e0                PROVIDE (__preinit_array_end = .)
                0x00000000080061e0                . = ALIGN (0x4)

.init_array     0x00000000080061e0        0x4
                0x00000000080061e0                . = ALIGN (0x4)
                0x00000000080061e0                PROVIDE (__init_array_start = .)
 *(SORT_BY_NAME(.init_array.*))
 *(.init_array*)
 .init_array    0x00000000080061e0        0x4 c:/st/stm32cubeide_1.6.1/stm32cubeide/plugins/com.st.stm32cube.ide.mcu.externaltools.gnu-tools-for-stm32.9-2020-q2-update.win32_1.5.0.202011040924/tools/bin/../lib/gcc/arm-none-eabi/9.3.1/thumb/v7e-m+fp/hard/crtbegin.o
                0x00000000080061e4                PROVIDE (__init_array_end = .)
                0x00000000080061e4                . = ALIGN (0x4)

.fini_array     0x00000000080061e4        0x4
                0x00000000080061e4                . = ALIGN (0x4)
                [!provide]                        PROVIDE (__fini_array_start = .)
 *(SORT_BY_NAME(.fini_array.*))
 *(.fini_array*)
 .fini_array    0x00000000080061e4        0x4 c:/st/stm32cubeide_1.6.1/stm32cubeide/plugins/com.st.stm32cube.ide.mcu.externaltools.gnu-tools-for-stm32.9-2020-q2-update.win32_1.5.0.202011040924/tools/bin/../lib/gcc/arm-none-eabi/9.3.1/thumb/v7e-m+fp/hard/crtbegin.o
                [!provide]                        PROVIDE (__fini_array_end = .)
                0x00000000080061e8                . = ALIGN (0x4)
                0x00000000080061e8                _sidata = LOADADDR (.data)

.data           0x0000000020000000       0x88 load address 0x00000000080061e8
                0x0000000020000000                . = ALIGN (0x4)
                0x0000000020000000                _sdata = .
 *(.data)
 *(.data*)
 .data.SystemCoreClock
                0x0000000020000000        0x4 Core/Src/system_stm32l4xx.o
                0x0000000020000000                SystemCoreClock
 .data.uwTickFreq
                0x0000000020000004        0x1 Drivers/STM32L4xx_HAL_Driver/Src/stm32l4xx_hal.o
                0x0000000020000004                uwTickFreq
 *fill*         0x0000000020000005        0x3 
 .data.uwTickPrio
                0x0000000020000008        0x4 Drivers/STM32L4xx_HAL_Driver/Src/stm32l4xx_hal.o
                0x0000000020000008                uwTickPrio
 .data.USER_Driver
                0x000000002000000c       0x14 FATFS/Target/user_diskio.o
                0x000000002000000c                USER_Driver
 .data.Stat     0x0000000020000020        0x1 FATFS/Target/user_diskio_spi.o
 *fill*         0x0000000020000021        0x3 
 .data._impure_ptr
                0x0000000020000024        0x4 c:/st/stm32cubeide_1.6.1/stm32cubeide/plugins/com.st.stm32cube.ide.mcu.externaltools.gnu-tools-for-stm32.9-2020-q2-update.win32_1.5.0.202011040924/tools/bin/../lib/gcc/arm-none-eabi/9.3.1/../../../../arm-none-eabi/lib/thumb/v7e-m+fp/hard\libc_nano.a(lib_a-impure.o)
                0x0000000020000024                _impure_ptr
 .data.impure_data
                0x0000000020000028       0x60 c:/st/stm32cubeide_1.6.1/stm32cubeide/plugins/com.st.stm32cube.ide.mcu.externaltools.gnu-tools-for-stm32.9-2020-q2-update.win32_1.5.0.202011040924/tools/bin/../lib/gcc/arm-none-eabi/9.3.1/../../../../arm-none-eabi/lib/thumb/v7e-m+fp/hard\libc_nano.a(lib_a-impure.o)
 *(.RamFunc)
 *(.RamFunc*)
                0x0000000020000088                . = ALIGN (0x4)
                0x0000000020000088                _edata = .

.igot.plt       0x0000000020000088        0x0 load address 0x0000000008006270
 .igot.plt      0x0000000020000088        0x0 c:/st/stm32cubeide_1.6.1/stm32cubeide/plugins/com.st.stm32cube.ide.mcu.externaltools.gnu-tools-for-stm32.9-2020-q2-update.win32_1.5.0.202011040924/tools/bin/../lib/gcc/arm-none-eabi/9.3.1/thumb/v7e-m+fp/hard/crtbegin.o
                0x0000000020000088                . = ALIGN (0x4)

.bss            0x0000000020000088      0xcb0 load address 0x0000000008006270
                0x0000000020000088                _sbss = .
                0x0000000020000088                __bss_start__ = _sbss
 *(.bss)
 .bss           0x0000000020000088       0x1c c:/st/stm32cubeide_1.6.1/stm32cubeide/plugins/com.st.stm32cube.ide.mcu.externaltools.gnu-tools-for-stm32.9-2020-q2-update.win32_1.5.0.202011040924/tools/bin/../lib/gcc/arm-none-eabi/9.3.1/thumb/v7e-m+fp/hard/crtbegin.o
 *(.bss*)
 .bss.bFileIsOpen
                0x00000000200000a4        0x1 Core/Src/Application.o
                0x00000000200000a4                bFileIsOpen
 .bss.bSDPresent
                0x00000000200000a5        0x1 Core/Src/Application.o
                0x00000000200000a5                bSDPresent
 *fill*         0x00000000200000a6        0x2 
 .bss.iBufferlen
                0x00000000200000a8        0x4 Core/Src/Application.o
                0x00000000200000a8                iBufferlen
 .bss.iFolderPathlen
                0x00000000200000ac        0x4 Core/Src/Application.o
                0x00000000200000ac                iFolderPathlen
 .bss.u32LogFileIndex
                0x00000000200000b0        0x4 Core/Src/Application.o
                0x00000000200000b0                u32LogFileIndex
 .bss.u32LogFileLineCounter
                0x00000000200000b4        0x4 Core/Src/Application.o
                0x00000000200000b4                u32LogFileLineCounter
 .bss.u8BytesWritten
                0x00000000200000b8        0x1 Core/Src/Application.o
                0x00000000200000b8                u8BytesWritten
 .bss.u8LogFolderIndex
                0x00000000200000b9        0x1 Core/Src/Application.o
                0x00000000200000b9                u8LogFolderIndex
 *fill*         0x00000000200000ba        0x2 
 .bss.u32usTick
                0x00000000200000bc        0x4 Core/Src/main.o
                0x00000000200000bc                u32usTick
 .bss.__sbrk_heap_end
                0x00000000200000c0        0x4 Core/Src/sysmem.o
 .bss.CardType  0x00000000200000c4        0x1 FATFS/Target/user_diskio_spi.o
 *fill*         0x00000000200000c5        0x3 
 .bss.FatFs     0x00000000200000c8        0x4 Middlewares/Third_Party/FatFs/src/ff.o
 .bss.Files     0x00000000200000cc       0x20 Middlewares/Third_Party/FatFs/src/ff.o
 .bss.Fsid      0x00000000200000ec        0x2 Middlewares/Third_Party/FatFs/src/ff.o
 *fill*         0x00000000200000ee        0x2 
 .bss.disk      0x00000000200000f0        0xc Middlewares/Third_Party/FatFs/src/ff_gen_drv.o
                0x00000000200000f0                disk
 .bss.__malloc_free_list
                0x00000000200000fc        0x4 c:/st/stm32cubeide_1.6.1/stm32cubeide/plugins/com.st.stm32cube.ide.mcu.externaltools.gnu-tools-for-stm32.9-2020-q2-update.win32_1.5.0.202011040924/tools/bin/../lib/gcc/arm-none-eabi/9.3.1/../../../../arm-none-eabi/lib/thumb/v7e-m+fp/hard\libc_nano.a(lib_a-nano-mallocr.o)
                0x00000000200000fc                __malloc_free_list
 .bss.__malloc_sbrk_start
                0x0000000020000100        0x4 c:/st/stm32cubeide_1.6.1/stm32cubeide/plugins/com.st.stm32cube.ide.mcu.externaltools.gnu-tools-for-stm32.9-2020-q2-update.win32_1.5.0.202011040924/tools/bin/../lib/gcc/arm-none-eabi/9.3.1/../../../../arm-none-eabi/lib/thumb/v7e-m+fp/hard\libc_nano.a(lib_a-nano-mallocr.o)
                0x0000000020000100                __malloc_sbrk_start
 *(COMMON)
 COMMON         0x0000000020000104      0x596 Core/Src/Application.o
                0x0000000020000104                fp
                0x0000000020000334                mpu6050
                0x0000000020000350                fResult
                0x0000000020000354                FatFs
                0x0000000020000584                u8Buffer
                0x0000000020000604                u32Humidity
                0x0000000020000608                u32Pressure
                0x000000002000060c                i32Temperature
                0x0000000020000610                dir
                0x0000000020000640                u8FolderPath
                0x000000002000064c                fInfo
                0x0000000020000664                bmp280
                0x0000000020000698                mpuResult
                0x0000000020000699                bmpResult
 *fill*         0x000000002000069a        0x2 
 COMMON         0x000000002000069c       0x98 Core/Src/i2c.o
                0x000000002000069c                hi2c3
                0x00000000200006e8                hi2c1
 COMMON         0x0000000020000734       0x64 Core/Src/spi.o
                0x0000000020000734                hspi1
 COMMON         0x0000000020000798       0x4c Core/Src/stm32l4xx_hal_timebase_tim.o
                0x0000000020000798                htim16
 COMMON         0x00000000200007e4       0x4c Core/Src/tim.o
                0x00000000200007e4                htim6
 COMMON         0x0000000020000830       0x84 Core/Src/usart.o
                0x0000000020000830                huart2
 COMMON         0x00000000200008b4        0x4 Drivers/STM32L4xx_HAL_Driver/Src/stm32l4xx_hal.o
                0x00000000200008b4                uwTick
 COMMON         0x00000000200008b8      0x468 FATFS/App/fatfs.o
                0x00000000200008b8                USERPath
                0x00000000200008bc                retUSER
                0x00000000200008c0                USERFile
                0x0000000020000af0                USERFatFS
 COMMON         0x0000000020000d20        0x8 FATFS/Target/user_diskio_spi.o
                0x0000000020000d20                spiTimerTickStart
                0x0000000020000d24                spiTimerTickDelay
 COMMON         0x0000000020000d28        0x4 c:/st/stm32cubeide_1.6.1/stm32cubeide/plugins/com.st.stm32cube.ide.mcu.externaltools.gnu-tools-for-stm32.9-2020-q2-update.win32_1.5.0.202011040924/tools/bin/../lib/gcc/arm-none-eabi/9.3.1/../../../../arm-none-eabi/lib/thumb/v7e-m+fp/hard\libc_nano.a(lib_a-reent.o)
                0x0000000020000d28                errno
 COMMON         0x0000000020000d2c        0x9 c:/st/stm32cubeide_1.6.1/stm32cubeide/plugins/com.st.stm32cube.ide.mcu.externaltools.gnu-tools-for-stm32.9-2020-q2-update.win32_1.5.0.202011040924/tools/bin/../lib/gcc/arm-none-eabi/9.3.1/../../../../arm-none-eabi/lib/thumb/v7e-m+fp/hard\libc_nano.a(lib_a-lock.o)
                0x0000000020000d2c                __lock___atexit_recursive_mutex
                0x0000000020000d2d                __lock___arc4random_mutex
                0x0000000020000d2e                __lock___env_recursive_mutex
                0x0000000020000d2f                __lock___sinit_recursive_mutex
                0x0000000020000d30                __lock___malloc_recursive_mutex
                0x0000000020000d31                __lock___at_quick_exit_mutex
                0x0000000020000d32                __lock___dd_hash_mutex
                0x0000000020000d33                __lock___tz_mutex
                0x0000000020000d34                __lock___sfp_recursive_mutex
                0x0000000020000d38                . = ALIGN (0x4)
 *fill*         0x0000000020000d35        0x3 
                0x0000000020000d38                _ebss = .
                0x0000000020000d38                __bss_end__ = _ebss

._user_heap_stack
                0x0000000020000d38      0x600 load address 0x0000000008006270
                0x0000000020000d38                . = ALIGN (0x8)
                [!provide]                        PROVIDE (end = .)
                0x0000000020000d38                PROVIDE (_end = .)
                0x0000000020000f38                . = (. + _Min_Heap_Size)
 *fill*         0x0000000020000d38      0x200 
                0x0000000020001338                . = (. + _Min_Stack_Size)
 *fill*         0x0000000020000f38      0x400 
                0x0000000020001338                . = ALIGN (0x8)

/DISCARD/
 libc.a(*)
 libm.a(*)
 libgcc.a(*)

.ARM.attributes
                0x0000000000000000       0x30
 *(.ARM.attributes)
 .ARM.attributes
                0x0000000000000000       0x1e c:/st/stm32cubeide_1.6.1/stm32cubeide/plugins/com.st.stm32cube.ide.mcu.externaltools.gnu-tools-for-stm32.9-2020-q2-update.win32_1.5.0.202011040924/tools/bin/../lib/gcc/arm-none-eabi/9.3.1/thumb/v7e-m+fp/hard/crti.o
 .ARM.attributes
                0x000000000000001e       0x34 c:/st/stm32cubeide_1.6.1/stm32cubeide/plugins/com.st.stm32cube.ide.mcu.externaltools.gnu-tools-for-stm32.9-2020-q2-update.win32_1.5.0.202011040924/tools/bin/../lib/gcc/arm-none-eabi/9.3.1/thumb/v7e-m+fp/hard/crtbegin.o
 .ARM.attributes
                0x0000000000000052       0x34 Core/Src/Application.o
 .ARM.attributes
                0x0000000000000086       0x34 Core/Src/bmp280.o
 .ARM.attributes
                0x00000000000000ba       0x34 Core/Src/gpio.o
 .ARM.attributes
                0x00000000000000ee       0x34 Core/Src/i2c.o
 .ARM.attributes
                0x0000000000000122       0x34 Core/Src/main.o
 .ARM.attributes
                0x0000000000000156       0x34 Core/Src/sd_hal_mpu6050.o
 .ARM.attributes
                0x000000000000018a       0x34 Core/Src/spi.o
 .ARM.attributes
                0x00000000000001be       0x34 Core/Src/stm32l4xx_hal_msp.o
 .ARM.attributes
                0x00000000000001f2       0x34 Core/Src/stm32l4xx_hal_timebase_tim.o
 .ARM.attributes
                0x0000000000000226       0x34 Core/Src/stm32l4xx_it.o
 .ARM.attributes
                0x000000000000025a       0x34 Core/Src/sysmem.o
 .ARM.attributes
                0x000000000000028e       0x34 Core/Src/system_stm32l4xx.o
 .ARM.attributes
                0x00000000000002c2       0x34 Core/Src/tim.o
 .ARM.attributes
                0x00000000000002f6       0x34 Core/Src/usart.o
 .ARM.attributes
                0x000000000000032a       0x21 Core/Startup/startup_stm32l432kcux.o
 .ARM.attributes
                0x000000000000034b       0x34 Drivers/STM32L4xx_HAL_Driver/Src/stm32l4xx_hal.o
 .ARM.attributes
                0x000000000000037f       0x34 Drivers/STM32L4xx_HAL_Driver/Src/stm32l4xx_hal_cortex.o
 .ARM.attributes
                0x00000000000003b3       0x34 Drivers/STM32L4xx_HAL_Driver/Src/stm32l4xx_hal_gpio.o
 .ARM.attributes
                0x00000000000003e7       0x34 Drivers/STM32L4xx_HAL_Driver/Src/stm32l4xx_hal_i2c.o
 .ARM.attributes
                0x000000000000041b       0x34 Drivers/STM32L4xx_HAL_Driver/Src/stm32l4xx_hal_i2c_ex.o
 .ARM.attributes
                0x000000000000044f       0x34 Drivers/STM32L4xx_HAL_Driver/Src/stm32l4xx_hal_pwr.o
 .ARM.attributes
                0x0000000000000483       0x34 Drivers/STM32L4xx_HAL_Driver/Src/stm32l4xx_hal_pwr_ex.o
 .ARM.attributes
                0x00000000000004b7       0x34 Drivers/STM32L4xx_HAL_Driver/Src/stm32l4xx_hal_rcc.o
 .ARM.attributes
                0x00000000000004eb       0x34 Drivers/STM32L4xx_HAL_Driver/Src/stm32l4xx_hal_rcc_ex.o
 .ARM.attributes
                0x000000000000051f       0x34 Drivers/STM32L4xx_HAL_Driver/Src/stm32l4xx_hal_spi.o
 .ARM.attributes
                0x0000000000000553       0x34 Drivers/STM32L4xx_HAL_Driver/Src/stm32l4xx_hal_tim.o
 .ARM.attributes
                0x0000000000000587       0x34 Drivers/STM32L4xx_HAL_Driver/Src/stm32l4xx_hal_tim_ex.o
 .ARM.attributes
                0x00000000000005bb       0x34 Drivers/STM32L4xx_HAL_Driver/Src/stm32l4xx_hal_uart.o
 .ARM.attributes
                0x00000000000005ef       0x34 FATFS/App/fatfs.o
 .ARM.attributes
                0x0000000000000623       0x34 FATFS/Target/user_diskio.o
 .ARM.attributes
                0x0000000000000657       0x34 FATFS/Target/user_diskio_spi.o
 .ARM.attributes
                0x000000000000068b       0x34 Middlewares/Third_Party/FatFs/src/diskio.o
 .ARM.attributes
                0x00000000000006bf       0x34 Middlewares/Third_Party/FatFs/src/ff.o
 .ARM.attributes
                0x00000000000006f3       0x34 Middlewares/Third_Party/FatFs/src/ff_gen_drv.o
 .ARM.attributes
                0x0000000000000727       0x34 c:/st/stm32cubeide_1.6.1/stm32cubeide/plugins/com.st.stm32cube.ide.mcu.externaltools.gnu-tools-for-stm32.9-2020-q2-update.win32_1.5.0.202011040924/tools/bin/../lib/gcc/arm-none-eabi/9.3.1/../../../../arm-none-eabi/lib/thumb/v7e-m+fp/hard\libc_nano.a(lib_a-errno.o)
 .ARM.attributes
                0x000000000000075b       0x32 c:/st/stm32cubeide_1.6.1/stm32cubeide/plugins/com.st.stm32cube.ide.mcu.externaltools.gnu-tools-for-stm32.9-2020-q2-update.win32_1.5.0.202011040924/tools/bin/../lib/gcc/arm-none-eabi/9.3.1/../../../../arm-none-eabi/lib/thumb/v7e-m+fp/hard\libc_nano.a(lib_a-impure.o)
 .ARM.attributes
                0x000000000000078d       0x34 c:/st/stm32cubeide_1.6.1/stm32cubeide/plugins/com.st.stm32cube.ide.mcu.externaltools.gnu-tools-for-stm32.9-2020-q2-update.win32_1.5.0.202011040924/tools/bin/../lib/gcc/arm-none-eabi/9.3.1/../../../../arm-none-eabi/lib/thumb/v7e-m+fp/hard\libc_nano.a(lib_a-init.o)
 .ARM.attributes
                0x00000000000007c1       0x34 c:/st/stm32cubeide_1.6.1/stm32cubeide/plugins/com.st.stm32cube.ide.mcu.externaltools.gnu-tools-for-stm32.9-2020-q2-update.win32_1.5.0.202011040924/tools/bin/../lib/gcc/arm-none-eabi/9.3.1/../../../../arm-none-eabi/lib/thumb/v7e-m+fp/hard\libc_nano.a(lib_a-memset.o)
 .ARM.attributes
                0x00000000000007f5       0x34 c:/st/stm32cubeide_1.6.1/stm32cubeide/plugins/com.st.stm32cube.ide.mcu.externaltools.gnu-tools-for-stm32.9-2020-q2-update.win32_1.5.0.202011040924/tools/bin/../lib/gcc/arm-none-eabi/9.3.1/../../../../arm-none-eabi/lib/thumb/v7e-m+fp/hard\libc_nano.a(lib_a-snprintf.o)
 .ARM.attributes
                0x0000000000000829       0x34 c:/st/stm32cubeide_1.6.1/stm32cubeide/plugins/com.st.stm32cube.ide.mcu.externaltools.gnu-tools-for-stm32.9-2020-q2-update.win32_1.5.0.202011040924/tools/bin/../lib/gcc/arm-none-eabi/9.3.1/../../../../arm-none-eabi/lib/thumb/v7e-m+fp/hard\libc_nano.a(lib_a-nano-svfprintf.o)
 .ARM.attributes
                0x000000000000085d       0x34 c:/st/stm32cubeide_1.6.1/stm32cubeide/plugins/com.st.stm32cube.ide.mcu.externaltools.gnu-tools-for-stm32.9-2020-q2-update.win32_1.5.0.202011040924/tools/bin/../lib/gcc/arm-none-eabi/9.3.1/../../../../arm-none-eabi/lib/thumb/v7e-m+fp/hard\libc_nano.a(lib_a-nano-vfprintf_i.o)
 .ARM.attributes
                0x0000000000000891       0x1c c:/st/stm32cubeide_1.6.1/stm32cubeide/plugins/com.st.stm32cube.ide.mcu.externaltools.gnu-tools-for-stm32.9-2020-q2-update.win32_1.5.0.202011040924/tools/bin/../lib/gcc/arm-none-eabi/9.3.1/../../../../arm-none-eabi/lib/thumb/v7e-m+fp/hard\libc_nano.a(lib_a-memchr.o)
 .ARM.attributes
                0x00000000000008ad       0x34 c:/st/stm32cubeide_1.6.1/stm32cubeide/plugins/com.st.stm32cube.ide.mcu.externaltools.gnu-tools-for-stm32.9-2020-q2-update.win32_1.5.0.202011040924/tools/bin/../lib/gcc/arm-none-eabi/9.3.1/../../../../arm-none-eabi/lib/thumb/v7e-m+fp/hard\libc_nano.a(lib_a-memcpy-stub.o)
 .ARM.attributes
                0x00000000000008e1       0x34 c:/st/stm32cubeide_1.6.1/stm32cubeide/plugins/com.st.stm32cube.ide.mcu.externaltools.gnu-tools-for-stm32.9-2020-q2-update.win32_1.5.0.202011040924/tools/bin/../lib/gcc/arm-none-eabi/9.3.1/../../../../arm-none-eabi/lib/thumb/v7e-m+fp/hard\libc_nano.a(lib_a-memmove.o)
 .ARM.attributes
                0x0000000000000915       0x34 c:/st/stm32cubeide_1.6.1/stm32cubeide/plugins/com.st.stm32cube.ide.mcu.externaltools.gnu-tools-for-stm32.9-2020-q2-update.win32_1.5.0.202011040924/tools/bin/../lib/gcc/arm-none-eabi/9.3.1/../../../../arm-none-eabi/lib/thumb/v7e-m+fp/hard\libc_nano.a(lib_a-nano-freer.o)
 .ARM.attributes
                0x0000000000000949       0x34 c:/st/stm32cubeide_1.6.1/stm32cubeide/plugins/com.st.stm32cube.ide.mcu.externaltools.gnu-tools-for-stm32.9-2020-q2-update.win32_1.5.0.202011040924/tools/bin/../lib/gcc/arm-none-eabi/9.3.1/../../../../arm-none-eabi/lib/thumb/v7e-m+fp/hard\libc_nano.a(lib_a-nano-mallocr.o)
 .ARM.attributes
                0x000000000000097d       0x34 c:/st/stm32cubeide_1.6.1/stm32cubeide/plugins/com.st.stm32cube.ide.mcu.externaltools.gnu-tools-for-stm32.9-2020-q2-update.win32_1.5.0.202011040924/tools/bin/../lib/gcc/arm-none-eabi/9.3.1/../../../../arm-none-eabi/lib/thumb/v7e-m+fp/hard\libc_nano.a(lib_a-nano-reallocr.o)
 .ARM.attributes
                0x00000000000009b1       0x34 c:/st/stm32cubeide_1.6.1/stm32cubeide/plugins/com.st.stm32cube.ide.mcu.externaltools.gnu-tools-for-stm32.9-2020-q2-update.win32_1.5.0.202011040924/tools/bin/../lib/gcc/arm-none-eabi/9.3.1/../../../../arm-none-eabi/lib/thumb/v7e-m+fp/hard\libc_nano.a(lib_a-sbrkr.o)
 .ARM.attributes
                0x00000000000009e5       0x34 c:/st/stm32cubeide_1.6.1/stm32cubeide/plugins/com.st.stm32cube.ide.mcu.externaltools.gnu-tools-for-stm32.9-2020-q2-update.win32_1.5.0.202011040924/tools/bin/../lib/gcc/arm-none-eabi/9.3.1/../../../../arm-none-eabi/lib/thumb/v7e-m+fp/hard\libc_nano.a(lib_a-mlock.o)
 .ARM.attributes
                0x0000000000000a19       0x34 c:/st/stm32cubeide_1.6.1/stm32cubeide/plugins/com.st.stm32cube.ide.mcu.externaltools.gnu-tools-for-stm32.9-2020-q2-update.win32_1.5.0.202011040924/tools/bin/../lib/gcc/arm-none-eabi/9.3.1/../../../../arm-none-eabi/lib/thumb/v7e-m+fp/hard\libc_nano.a(lib_a-nano-msizer.o)
 .ARM.attributes
                0x0000000000000a4d       0x34 c:/st/stm32cubeide_1.6.1/stm32cubeide/plugins/com.st.stm32cube.ide.mcu.externaltools.gnu-tools-for-stm32.9-2020-q2-update.win32_1.5.0.202011040924/tools/bin/../lib/gcc/arm-none-eabi/9.3.1/../../../../arm-none-eabi/lib/thumb/v7e-m+fp/hard\libc_nano.a(lib_a-reent.o)
 .ARM.attributes
                0x0000000000000a81       0x34 c:/st/stm32cubeide_1.6.1/stm32cubeide/plugins/com.st.stm32cube.ide.mcu.externaltools.gnu-tools-for-stm32.9-2020-q2-update.win32_1.5.0.202011040924/tools/bin/../lib/gcc/arm-none-eabi/9.3.1/../../../../arm-none-eabi/lib/thumb/v7e-m+fp/hard\libc_nano.a(lib_a-lock.o)
 .ARM.attributes
                0x0000000000000ab5       0x1e c:/st/stm32cubeide_1.6.1/stm32cubeide/plugins/com.st.stm32cube.ide.mcu.externaltools.gnu-tools-for-stm32.9-2020-q2-update.win32_1.5.0.202011040924/tools/bin/../lib/gcc/arm-none-eabi/9.3.1/thumb/v7e-m+fp/hard\libgcc.a(_aeabi_ldivmod.o)
 .ARM.attributes
                0x0000000000000ad3       0x1e c:/st/stm32cubeide_1.6.1/stm32cubeide/plugins/com.st.stm32cube.ide.mcu.externaltools.gnu-tools-for-stm32.9-2020-q2-update.win32_1.5.0.202011040924/tools/bin/../lib/gcc/arm-none-eabi/9.3.1/thumb/v7e-m+fp/hard\libgcc.a(_aeabi_uldivmod.o)
 .ARM.attributes
                0x0000000000000af1       0x34 c:/st/stm32cubeide_1.6.1/stm32cubeide/plugins/com.st.stm32cube.ide.mcu.externaltools.gnu-tools-for-stm32.9-2020-q2-update.win32_1.5.0.202011040924/tools/bin/../lib/gcc/arm-none-eabi/9.3.1/thumb/v7e-m+fp/hard\libgcc.a(_udivmoddi4.o)
 .ARM.attributes
                0x0000000000000b25       0x1e c:/st/stm32cubeide_1.6.1/stm32cubeide/plugins/com.st.stm32cube.ide.mcu.externaltools.gnu-tools-for-stm32.9-2020-q2-update.win32_1.5.0.202011040924/tools/bin/../lib/gcc/arm-none-eabi/9.3.1/thumb/v7e-m+fp/hard\libgcc.a(_dvmd_tls.o)
 .ARM.attributes
                0x0000000000000b43       0x1e c:/st/stm32cubeide_1.6.1/stm32cubeide/plugins/com.st.stm32cube.ide.mcu.externaltools.gnu-tools-for-stm32.9-2020-q2-update.win32_1.5.0.202011040924/tools/bin/../lib/gcc/arm-none-eabi/9.3.1/thumb/v7e-m+fp/hard/crtn.o
OUTPUT(FlightLogger.elf elf32-littlearm)
LOAD linker stubs
LOAD c:/st/stm32cubeide_1.6.1/stm32cubeide/plugins/com.st.stm32cube.ide.mcu.externaltools.gnu-tools-for-stm32.9-2020-q2-update.win32_1.5.0.202011040924/tools/bin/../lib/gcc/arm-none-eabi/9.3.1/../../../../arm-none-eabi/lib/thumb/v7e-m+fp/hard\libc.a
LOAD c:/st/stm32cubeide_1.6.1/stm32cubeide/plugins/com.st.stm32cube.ide.mcu.externaltools.gnu-tools-for-stm32.9-2020-q2-update.win32_1.5.0.202011040924/tools/bin/../lib/gcc/arm-none-eabi/9.3.1/../../../../arm-none-eabi/lib/thumb/v7e-m+fp/hard\libm.a
LOAD c:/st/stm32cubeide_1.6.1/stm32cubeide/plugins/com.st.stm32cube.ide.mcu.externaltools.gnu-tools-for-stm32.9-2020-q2-update.win32_1.5.0.202011040924/tools/bin/../lib/gcc/arm-none-eabi/9.3.1/thumb/v7e-m+fp/hard\libgcc.a

.comment        0x0000000000000000       0x53
 .comment       0x0000000000000000       0x53 Core/Src/Application.o
                                         0x54 (size before relaxing)
 .comment       0x0000000000000053       0x54 Core/Src/bmp280.o
 .comment       0x0000000000000053       0x54 Core/Src/gpio.o
 .comment       0x0000000000000053       0x54 Core/Src/i2c.o
 .comment       0x0000000000000053       0x54 Core/Src/main.o
 .comment       0x0000000000000053       0x54 Core/Src/sd_hal_mpu6050.o
 .comment       0x0000000000000053       0x54 Core/Src/spi.o
 .comment       0x0000000000000053       0x54 Core/Src/stm32l4xx_hal_msp.o
 .comment       0x0000000000000053       0x54 Core/Src/stm32l4xx_hal_timebase_tim.o
 .comment       0x0000000000000053       0x54 Core/Src/stm32l4xx_it.o
 .comment       0x0000000000000053       0x54 Core/Src/sysmem.o
 .comment       0x0000000000000053       0x54 Core/Src/system_stm32l4xx.o
 .comment       0x0000000000000053       0x54 Core/Src/tim.o
 .comment       0x0000000000000053       0x54 Core/Src/usart.o
 .comment       0x0000000000000053       0x54 Drivers/STM32L4xx_HAL_Driver/Src/stm32l4xx_hal.o
 .comment       0x0000000000000053       0x54 Drivers/STM32L4xx_HAL_Driver/Src/stm32l4xx_hal_cortex.o
 .comment       0x0000000000000053       0x54 Drivers/STM32L4xx_HAL_Driver/Src/stm32l4xx_hal_gpio.o
 .comment       0x0000000000000053       0x54 Drivers/STM32L4xx_HAL_Driver/Src/stm32l4xx_hal_i2c.o
 .comment       0x0000000000000053       0x54 Drivers/STM32L4xx_HAL_Driver/Src/stm32l4xx_hal_i2c_ex.o
 .comment       0x0000000000000053       0x54 Drivers/STM32L4xx_HAL_Driver/Src/stm32l4xx_hal_pwr.o
 .comment       0x0000000000000053       0x54 Drivers/STM32L4xx_HAL_Driver/Src/stm32l4xx_hal_pwr_ex.o
 .comment       0x0000000000000053       0x54 Drivers/STM32L4xx_HAL_Driver/Src/stm32l4xx_hal_rcc.o
 .comment       0x0000000000000053       0x54 Drivers/STM32L4xx_HAL_Driver/Src/stm32l4xx_hal_rcc_ex.o
 .comment       0x0000000000000053       0x54 Drivers/STM32L4xx_HAL_Driver/Src/stm32l4xx_hal_spi.o
 .comment       0x0000000000000053       0x54 Drivers/STM32L4xx_HAL_Driver/Src/stm32l4xx_hal_tim.o
 .comment       0x0000000000000053       0x54 Drivers/STM32L4xx_HAL_Driver/Src/stm32l4xx_hal_tim_ex.o
 .comment       0x0000000000000053       0x54 Drivers/STM32L4xx_HAL_Driver/Src/stm32l4xx_hal_uart.o
 .comment       0x0000000000000053       0x54 FATFS/App/fatfs.o
 .comment       0x0000000000000053       0x54 FATFS/Target/user_diskio.o
 .comment       0x0000000000000053       0x54 FATFS/Target/user_diskio_spi.o
 .comment       0x0000000000000053       0x54 Middlewares/Third_Party/FatFs/src/diskio.o
 .comment       0x0000000000000053       0x54 Middlewares/Third_Party/FatFs/src/ff.o
 .comment       0x0000000000000053       0x54 Middlewares/Third_Party/FatFs/src/ff_gen_drv.o

.debug_frame    0x0000000000000000      0x4f8
 .debug_frame   0x0000000000000000       0x20 c:/st/stm32cubeide_1.6.1/stm32cubeide/plugins/com.st.stm32cube.ide.mcu.externaltools.gnu-tools-for-stm32.9-2020-q2-update.win32_1.5.0.202011040924/tools/bin/../lib/gcc/arm-none-eabi/9.3.1/../../../../arm-none-eabi/lib/thumb/v7e-m+fp/hard\libc_nano.a(lib_a-errno.o)
 .debug_frame   0x0000000000000020       0x2c c:/st/stm32cubeide_1.6.1/stm32cubeide/plugins/com.st.stm32cube.ide.mcu.externaltools.gnu-tools-for-stm32.9-2020-q2-update.win32_1.5.0.202011040924/tools/bin/../lib/gcc/arm-none-eabi/9.3.1/../../../../arm-none-eabi/lib/thumb/v7e-m+fp/hard\libc_nano.a(lib_a-init.o)
 .debug_frame   0x000000000000004c       0x20 c:/st/stm32cubeide_1.6.1/stm32cubeide/plugins/com.st.stm32cube.ide.mcu.externaltools.gnu-tools-for-stm32.9-2020-q2-update.win32_1.5.0.202011040924/tools/bin/../lib/gcc/arm-none-eabi/9.3.1/../../../../arm-none-eabi/lib/thumb/v7e-m+fp/hard\libc_nano.a(lib_a-memset.o)
 .debug_frame   0x000000000000006c       0x7c c:/st/stm32cubeide_1.6.1/stm32cubeide/plugins/com.st.stm32cube.ide.mcu.externaltools.gnu-tools-for-stm32.9-2020-q2-update.win32_1.5.0.202011040924/tools/bin/../lib/gcc/arm-none-eabi/9.3.1/../../../../arm-none-eabi/lib/thumb/v7e-m+fp/hard\libc_nano.a(lib_a-snprintf.o)
 .debug_frame   0x00000000000000e8       0x90 c:/st/stm32cubeide_1.6.1/stm32cubeide/plugins/com.st.stm32cube.ide.mcu.externaltools.gnu-tools-for-stm32.9-2020-q2-update.win32_1.5.0.202011040924/tools/bin/../lib/gcc/arm-none-eabi/9.3.1/../../../../arm-none-eabi/lib/thumb/v7e-m+fp/hard\libc_nano.a(lib_a-nano-svfprintf.o)
 .debug_frame   0x0000000000000178       0x60 c:/st/stm32cubeide_1.6.1/stm32cubeide/plugins/com.st.stm32cube.ide.mcu.externaltools.gnu-tools-for-stm32.9-2020-q2-update.win32_1.5.0.202011040924/tools/bin/../lib/gcc/arm-none-eabi/9.3.1/../../../../arm-none-eabi/lib/thumb/v7e-m+fp/hard\libc_nano.a(lib_a-nano-vfprintf_i.o)
 .debug_frame   0x00000000000001d8       0x28 c:/st/stm32cubeide_1.6.1/stm32cubeide/plugins/com.st.stm32cube.ide.mcu.externaltools.gnu-tools-for-stm32.9-2020-q2-update.win32_1.5.0.202011040924/tools/bin/../lib/gcc/arm-none-eabi/9.3.1/../../../../arm-none-eabi/lib/thumb/v7e-m+fp/hard\libc_nano.a(lib_a-memcpy-stub.o)
 .debug_frame   0x0000000000000200       0x28 c:/st/stm32cubeide_1.6.1/stm32cubeide/plugins/com.st.stm32cube.ide.mcu.externaltools.gnu-tools-for-stm32.9-2020-q2-update.win32_1.5.0.202011040924/tools/bin/../lib/gcc/arm-none-eabi/9.3.1/../../../../arm-none-eabi/lib/thumb/v7e-m+fp/hard\libc_nano.a(lib_a-memmove.o)
 .debug_frame   0x0000000000000228       0x38 c:/st/stm32cubeide_1.6.1/stm32cubeide/plugins/com.st.stm32cube.ide.mcu.externaltools.gnu-tools-for-stm32.9-2020-q2-update.win32_1.5.0.202011040924/tools/bin/../lib/gcc/arm-none-eabi/9.3.1/../../../../arm-none-eabi/lib/thumb/v7e-m+fp/hard\libc_nano.a(lib_a-nano-freer.o)
 .debug_frame   0x0000000000000260       0x30 c:/st/stm32cubeide_1.6.1/stm32cubeide/plugins/com.st.stm32cube.ide.mcu.externaltools.gnu-tools-for-stm32.9-2020-q2-update.win32_1.5.0.202011040924/tools/bin/../lib/gcc/arm-none-eabi/9.3.1/../../../../arm-none-eabi/lib/thumb/v7e-m+fp/hard\libc_nano.a(lib_a-nano-mallocr.o)
 .debug_frame   0x0000000000000290       0x3c c:/st/stm32cubeide_1.6.1/stm32cubeide/plugins/com.st.stm32cube.ide.mcu.externaltools.gnu-tools-for-stm32.9-2020-q2-update.win32_1.5.0.202011040924/tools/bin/../lib/gcc/arm-none-eabi/9.3.1/../../../../arm-none-eabi/lib/thumb/v7e-m+fp/hard\libc_nano.a(lib_a-nano-reallocr.o)
 .debug_frame   0x00000000000002cc       0x2c c:/st/stm32cubeide_1.6.1/stm32cubeide/plugins/com.st.stm32cube.ide.mcu.externaltools.gnu-tools-for-stm32.9-2020-q2-update.win32_1.5.0.202011040924/tools/bin/../lib/gcc/arm-none-eabi/9.3.1/../../../../arm-none-eabi/lib/thumb/v7e-m+fp/hard\libc_nano.a(lib_a-sbrkr.o)
 .debug_frame   0x00000000000002f8       0x30 c:/st/stm32cubeide_1.6.1/stm32cubeide/plugins/com.st.stm32cube.ide.mcu.externaltools.gnu-tools-for-stm32.9-2020-q2-update.win32_1.5.0.202011040924/tools/bin/../lib/gcc/arm-none-eabi/9.3.1/../../../../arm-none-eabi/lib/thumb/v7e-m+fp/hard\libc_nano.a(lib_a-mlock.o)
 .debug_frame   0x0000000000000328       0x20 c:/st/stm32cubeide_1.6.1/stm32cubeide/plugins/com.st.stm32cube.ide.mcu.externaltools.gnu-tools-for-stm32.9-2020-q2-update.win32_1.5.0.202011040924/tools/bin/../lib/gcc/arm-none-eabi/9.3.1/../../../../arm-none-eabi/lib/thumb/v7e-m+fp/hard\libc_nano.a(lib_a-nano-msizer.o)
 .debug_frame   0x0000000000000348       0x5c c:/st/stm32cubeide_1.6.1/stm32cubeide/plugins/com.st.stm32cube.ide.mcu.externaltools.gnu-tools-for-stm32.9-2020-q2-update.win32_1.5.0.202011040924/tools/bin/../lib/gcc/arm-none-eabi/9.3.1/../../../../arm-none-eabi/lib/thumb/v7e-m+fp/hard\libc_nano.a(lib_a-reent.o)
 .debug_frame   0x00000000000003a4       0xb0 c:/st/stm32cubeide_1.6.1/stm32cubeide/plugins/com.st.stm32cube.ide.mcu.externaltools.gnu-tools-for-stm32.9-2020-q2-update.win32_1.5.0.202011040924/tools/bin/../lib/gcc/arm-none-eabi/9.3.1/../../../../arm-none-eabi/lib/thumb/v7e-m+fp/hard\libc_nano.a(lib_a-lock.o)
 .debug_frame   0x0000000000000454       0x44 c:/st/stm32cubeide_1.6.1/stm32cubeide/plugins/com.st.stm32cube.ide.mcu.externaltools.gnu-tools-for-stm32.9-2020-q2-update.win32_1.5.0.202011040924/tools/bin/../lib/gcc/arm-none-eabi/9.3.1/thumb/v7e-m+fp/hard\libgcc.a(_aeabi_ldivmod.o)
 .debug_frame   0x0000000000000498       0x2c c:/st/stm32cubeide_1.6.1/stm32cubeide/plugins/com.st.stm32cube.ide.mcu.externaltools.gnu-tools-for-stm32.9-2020-q2-update.win32_1.5.0.202011040924/tools/bin/../lib/gcc/arm-none-eabi/9.3.1/thumb/v7e-m+fp/hard\libgcc.a(_aeabi_uldivmod.o)
 .debug_frame   0x00000000000004c4       0x34 c:/st/stm32cubeide_1.6.1/stm32cubeide/plugins/com.st.stm32cube.ide.mcu.externaltools.gnu-tools-for-stm32.9-2020-q2-update.win32_1.5.0.202011040924/tools/bin/../lib/gcc/arm-none-eabi/9.3.1/thumb/v7e-m+fp/hard\libgcc.a(_udivmoddi4.o)
